
C:\Users\takas\AppData\Local\arduino\sketches\A3EBCD785A07C906F976BED715609095/FireFly.ino.elf:     file format elf32-avr


Disassembly of section .text:

00000200 <__vectors>:
__vectors():
../../../../../crt1/gcrt1.S:63
 200:	19 c0       	rjmp	.+50     	; 0x234 <__ctors_end>
../../../../../crt1/gcrt1.S:67
 202:	33 c0       	rjmp	.+102    	; 0x26a <__bad_interrupt>
../../../../../crt1/gcrt1.S:68
 204:	32 c0       	rjmp	.+100    	; 0x26a <__bad_interrupt>
../../../../../crt1/gcrt1.S:69
 206:	31 c0       	rjmp	.+98     	; 0x26a <__bad_interrupt>
../../../../../crt1/gcrt1.S:70
 208:	30 c0       	rjmp	.+96     	; 0x26a <__bad_interrupt>
../../../../../crt1/gcrt1.S:71
 20a:	2f c0       	rjmp	.+94     	; 0x26a <__bad_interrupt>
../../../../../crt1/gcrt1.S:72
 20c:	2e c0       	rjmp	.+92     	; 0x26a <__bad_interrupt>
../../../../../crt1/gcrt1.S:73
 20e:	2d c0       	rjmp	.+90     	; 0x26a <__bad_interrupt>
../../../../../crt1/gcrt1.S:74
 210:	2c c0       	rjmp	.+88     	; 0x26a <__bad_interrupt>
../../../../../crt1/gcrt1.S:75
 212:	2b c0       	rjmp	.+86     	; 0x26a <__bad_interrupt>
../../../../../crt1/gcrt1.S:76
 214:	2a c0       	rjmp	.+84     	; 0x26a <__bad_interrupt>
../../../../../crt1/gcrt1.S:77
 216:	29 c0       	rjmp	.+82     	; 0x26a <__bad_interrupt>
../../../../../crt1/gcrt1.S:78
 218:	28 c0       	rjmp	.+80     	; 0x26a <__bad_interrupt>
../../../../../crt1/gcrt1.S:79
 21a:	27 c0       	rjmp	.+78     	; 0x26a <__bad_interrupt>
../../../../../crt1/gcrt1.S:80
 21c:	9b c0       	rjmp	.+310    	; 0x354 <__vector_14>
../../../../../crt1/gcrt1.S:81
 21e:	25 c0       	rjmp	.+74     	; 0x26a <__bad_interrupt>
../../../../../crt1/gcrt1.S:82
 220:	24 c0       	rjmp	.+72     	; 0x26a <__bad_interrupt>
../../../../../crt1/gcrt1.S:83
 222:	23 c0       	rjmp	.+70     	; 0x26a <__bad_interrupt>
../../../../../crt1/gcrt1.S:84
 224:	22 c0       	rjmp	.+68     	; 0x26a <__bad_interrupt>
../../../../../crt1/gcrt1.S:85
 226:	21 c0       	rjmp	.+66     	; 0x26a <__bad_interrupt>
../../../../../crt1/gcrt1.S:86
 228:	20 c0       	rjmp	.+64     	; 0x26a <__bad_interrupt>
../../../../../crt1/gcrt1.S:87
 22a:	1f c0       	rjmp	.+62     	; 0x26a <__bad_interrupt>
../../../../../crt1/gcrt1.S:88
 22c:	1e c0       	rjmp	.+60     	; 0x26a <__bad_interrupt>
../../../../../crt1/gcrt1.S:89
 22e:	1d c0       	rjmp	.+58     	; 0x26a <__bad_interrupt>
../../../../../crt1/gcrt1.S:90
 230:	1c c0       	rjmp	.+56     	; 0x26a <__bad_interrupt>
../../../../../crt1/gcrt1.S:91
 232:	1b c0       	rjmp	.+54     	; 0x26a <__bad_interrupt>

00000234 <__ctors_end>:
__trampolines_start():
../../../../../crt1/gcrt1.S:230
 234:	11 24       	eor	r1, r1
../../../../../crt1/gcrt1.S:231
 236:	1f be       	out	0x3f, r1	; 63
../../../../../crt1/gcrt1.S:232
 238:	cf ef       	ldi	r28, 0xFF	; 255
../../../../../crt1/gcrt1.S:234
 23a:	cd bf       	out	0x3d, r28	; 61
../../../../../crt1/gcrt1.S:236
 23c:	df e3       	ldi	r29, 0x3F	; 63
../../../../../crt1/gcrt1.S:237
 23e:	de bf       	out	0x3e, r29	; 62

00000240 <_initThreeStuff()>:
__do_copy_data():
/home/admin/Arduino/toolchain-avr-special-master/gcc-build/avr/avrxmega3/short-calls/libgcc/../../../../../gcc/libgcc/config/avr/lib1funcs.S:2409
 240:	1f e3       	ldi	r17, 0x3F	; 63
/home/admin/Arduino/toolchain-avr-special-master/gcc-build/avr/avrxmega3/short-calls/libgcc/../../../../../gcc/libgcc/config/avr/lib1funcs.S:2410
 242:	a0 e0       	ldi	r26, 0x00	; 0
/home/admin/Arduino/toolchain-avr-special-master/gcc-build/avr/avrxmega3/short-calls/libgcc/../../../../../gcc/libgcc/config/avr/lib1funcs.S:2411
 244:	bf e3       	ldi	r27, 0x3F	; 63
/home/admin/Arduino/toolchain-avr-special-master/gcc-build/avr/avrxmega3/short-calls/libgcc/../../../../../gcc/libgcc/config/avr/lib1funcs.S:2412
 246:	e2 e7       	ldi	r30, 0x72	; 114
/home/admin/Arduino/toolchain-avr-special-master/gcc-build/avr/avrxmega3/short-calls/libgcc/../../../../../gcc/libgcc/config/avr/lib1funcs.S:2413
 248:	f8 e0       	ldi	r31, 0x08	; 8
/home/admin/Arduino/toolchain-avr-special-master/gcc-build/avr/avrxmega3/short-calls/libgcc/../../../../../gcc/libgcc/config/avr/lib1funcs.S:2414
 24a:	02 c0       	rjmp	.+4      	; 0x250 <_initThreeStuff()+0x10>
/home/admin/Arduino/toolchain-avr-special-master/gcc-build/avr/avrxmega3/short-calls/libgcc/../../../../../gcc/libgcc/config/avr/lib1funcs.S:2417
 24c:	05 90       	lpm	r0, Z+
/home/admin/Arduino/toolchain-avr-special-master/gcc-build/avr/avrxmega3/short-calls/libgcc/../../../../../gcc/libgcc/config/avr/lib1funcs.S:2422
 24e:	0d 92       	st	X+, r0
/home/admin/Arduino/toolchain-avr-special-master/gcc-build/avr/avrxmega3/short-calls/libgcc/../../../../../gcc/libgcc/config/avr/lib1funcs.S:2424
 250:	a4 30       	cpi	r26, 0x04	; 4
/home/admin/Arduino/toolchain-avr-special-master/gcc-build/avr/avrxmega3/short-calls/libgcc/../../../../../gcc/libgcc/config/avr/lib1funcs.S:2425
 252:	b1 07       	cpc	r27, r17
/home/admin/Arduino/toolchain-avr-special-master/gcc-build/avr/avrxmega3/short-calls/libgcc/../../../../../gcc/libgcc/config/avr/lib1funcs.S:2426
 254:	d9 f7       	brne	.-10     	; 0x24c <_initThreeStuff()+0xc>

00000256 <__do_clear_bss>:
__do_clear_bss():
/home/admin/Arduino/toolchain-avr-special-master/gcc-build/avr/avrxmega3/short-calls/libgcc/../../../../../gcc/libgcc/config/avr/lib1funcs.S:2441
 256:	2f e3       	ldi	r18, 0x3F	; 63
/home/admin/Arduino/toolchain-avr-special-master/gcc-build/avr/avrxmega3/short-calls/libgcc/../../../../../gcc/libgcc/config/avr/lib1funcs.S:2442
 258:	a4 e0       	ldi	r26, 0x04	; 4
/home/admin/Arduino/toolchain-avr-special-master/gcc-build/avr/avrxmega3/short-calls/libgcc/../../../../../gcc/libgcc/config/avr/lib1funcs.S:2443
 25a:	bf e3       	ldi	r27, 0x3F	; 63
/home/admin/Arduino/toolchain-avr-special-master/gcc-build/avr/avrxmega3/short-calls/libgcc/../../../../../gcc/libgcc/config/avr/lib1funcs.S:2444
 25c:	01 c0       	rjmp	.+2      	; 0x260 <.do_clear_bss_start>

0000025e <.do_clear_bss_loop>:
/home/admin/Arduino/toolchain-avr-special-master/gcc-build/avr/avrxmega3/short-calls/libgcc/../../../../../gcc/libgcc/config/avr/lib1funcs.S:2446
 25e:	1d 92       	st	X+, r1

00000260 <.do_clear_bss_start>:
/home/admin/Arduino/toolchain-avr-special-master/gcc-build/avr/avrxmega3/short-calls/libgcc/../../../../../gcc/libgcc/config/avr/lib1funcs.S:2448
 260:	ae 30       	cpi	r26, 0x0E	; 14
/home/admin/Arduino/toolchain-avr-special-master/gcc-build/avr/avrxmega3/short-calls/libgcc/../../../../../gcc/libgcc/config/avr/lib1funcs.S:2449
 262:	b2 07       	cpc	r27, r18
/home/admin/Arduino/toolchain-avr-special-master/gcc-build/avr/avrxmega3/short-calls/libgcc/../../../../../gcc/libgcc/config/avr/lib1funcs.S:2450
 264:	e1 f7       	brne	.-8      	; 0x25e <.do_clear_bss_loop>
.do_clear_bss_start():
../../../../../crt1/gcrt1.S:314
 266:	a5 d0       	rcall	.+330    	; 0x3b2 <main>
../../../../../crt1/gcrt1.S:315
 268:	02 c3       	rjmp	.+1540   	; 0x86e <_exit>

0000026a <__bad_interrupt>:
__vector_22():
../../../../../crt1/gcrt1.S:209
 26a:	ca cf       	rjmp	.-108    	; 0x200 <__vectors>

0000026c <delay.part.0>:
delay.part.0():
C:\Users\takas\AppData\Local\Arduino15\packages\megaTinyCore\hardware\megaavr\2.6.11\cores\megatinycore/main.cpp:197
  // Finally, none of these three things need to be done if running optiboot!
  // We want the vectors in the alt location, it checks, clears, and stashes the reset flags (in GPR0)
  // and it providews the entrypoint we call to write to flash.
#else
  void _initThreeStuff() __attribute__ ((naked)) __attribute__((used)) __attribute__ ((section (".init3")));
  void _initThreeStuff() {
 26c:	0f 93       	push	r16
 26e:	1f 93       	push	r17
 270:	ab 01       	movw	r20, r22
 272:	bc 01       	movw	r22, r24
millis():
 274:	8f b7       	in	r24, 0x3f	; 63
 276:	f8 94       	cli
 278:	00 91 08 3f 	lds	r16, 0x3F08	; 0x803f08 <__data_end+0x4>
 27c:	10 91 09 3f 	lds	r17, 0x3F09	; 0x803f09 <__data_end+0x5>
 280:	20 91 0a 3f 	lds	r18, 0x3F0A	; 0x803f0a <__data_end+0x6>
 284:	30 91 0b 3f 	lds	r19, 0x3F0B	; 0x803f0b <__data_end+0x7>
 288:	8f bf       	out	0x3f, r24	; 63
 28a:	ef b7       	in	r30, 0x3f	; 63
 28c:	f8 94       	cli
 28e:	80 91 08 3f 	lds	r24, 0x3F08	; 0x803f08 <__data_end+0x4>
 292:	90 91 09 3f 	lds	r25, 0x3F09	; 0x803f09 <__data_end+0x5>
 296:	a0 91 0a 3f 	lds	r26, 0x3F0A	; 0x803f0a <__data_end+0x6>
 29a:	b0 91 0b 3f 	lds	r27, 0x3F0B	; 0x803f0b <__data_end+0x7>
 29e:	ef bf       	out	0x3f, r30	; 63
delay.part.0():
 2a0:	80 1b       	sub	r24, r16
 2a2:	91 0b       	sbc	r25, r17
 2a4:	a2 0b       	sbc	r26, r18
 2a6:	b3 0b       	sbc	r27, r19
 2a8:	84 17       	cp	r24, r20
 2aa:	95 07       	cpc	r25, r21
 2ac:	a6 07       	cpc	r26, r22
 2ae:	b7 07       	cpc	r27, r23
 2b0:	60 f3       	brcs	.-40     	; 0x28a <delay.part.0+0x1e>
 2b2:	1f 91       	pop	r17
 2b4:	0f 91       	pop	r16
 2b6:	08 95       	ret

000002b8 <digitalWrite.constprop.1>:
digitalWrite.constprop.1():
 2b8:	94 e0       	ldi	r25, 0x04	; 4
 2ba:	81 11       	cpse	r24, r1
 2bc:	16 c0       	rjmp	.+44     	; 0x2ea <digitalWrite.constprop.1+0x32>
 2be:	90 93 06 04 	sts	0x0406, r25	; 0x800406 <__RODATA_PM_OFFSET__+0x7f8406>
 2c2:	90 91 00 04 	lds	r25, 0x0400	; 0x800400 <__RODATA_PM_OFFSET__+0x7f8400>
 2c6:	92 fd       	sbrc	r25, 2
 2c8:	0a c0       	rjmp	.+20     	; 0x2de <digitalWrite.constprop.1+0x26>
 2ca:	9f b7       	in	r25, 0x3f	; 63
 2cc:	f8 94       	cli
 2ce:	81 11       	cpse	r24, r1
 2d0:	0f c0       	rjmp	.+30     	; 0x2f0 <digitalWrite.constprop.1+0x38>
 2d2:	80 91 12 04 	lds	r24, 0x0412	; 0x800412 <__RODATA_PM_OFFSET__+0x7f8412>
 2d6:	87 7f       	andi	r24, 0xF7	; 247
 2d8:	80 93 12 04 	sts	0x0412, r24	; 0x800412 <__RODATA_PM_OFFSET__+0x7f8412>
 2dc:	9f bf       	out	0x3f, r25	; 63
turnOffPWM():
 2de:	80 91 01 0a 	lds	r24, 0x0A01	; 0x800a01 <__RODATA_PM_OFFSET__+0x7f8a01>
 2e2:	8b 7f       	andi	r24, 0xFB	; 251
 2e4:	80 93 01 0a 	sts	0x0A01, r24	; 0x800a01 <__RODATA_PM_OFFSET__+0x7f8a01>
digitalWrite.constprop.1():
 2e8:	08 95       	ret
 2ea:	90 93 05 04 	sts	0x0405, r25	; 0x800405 <__RODATA_PM_OFFSET__+0x7f8405>
 2ee:	e9 cf       	rjmp	.-46     	; 0x2c2 <digitalWrite.constprop.1+0xa>
 2f0:	80 91 12 04 	lds	r24, 0x0412	; 0x800412 <__RODATA_PM_OFFSET__+0x7f8412>
 2f4:	88 60       	ori	r24, 0x08	; 8
 2f6:	f0 cf       	rjmp	.-32     	; 0x2d8 <digitalWrite.constprop.1+0x20>

000002f8 <pinMode.constprop.4>:
pinMode.constprop.4():
 2f8:	84 e0       	ldi	r24, 0x04	; 4
 2fa:	80 93 01 04 	sts	0x0401, r24	; 0x800401 <__RODATA_PM_OFFSET__+0x7f8401>
 2fe:	e2 e0       	ldi	r30, 0x02	; 2
 300:	f4 e0       	ldi	r31, 0x04	; 4
 302:	80 89       	ldd	r24, Z+16	; 0x10
 304:	87 7f       	andi	r24, 0xF7	; 247
 306:	80 8b       	std	Z+16, r24	; 0x10
 308:	08 95       	ret

0000030a <analogWrite.constprop.0>:
analogWrite.constprop.0():
 30a:	18 16       	cp	r1, r24
 30c:	19 06       	cpc	r1, r25
 30e:	1c f0       	brlt	.+6      	; 0x316 <analogWrite.constprop.0+0xc>
 310:	80 e0       	ldi	r24, 0x00	; 0
 312:	d2 df       	rcall	.-92     	; 0x2b8 <digitalWrite.constprop.1>
 314:	f1 cf       	rjmp	.-30     	; 0x2f8 <pinMode.constprop.4>
 316:	8f 3f       	cpi	r24, 0xFF	; 255
 318:	91 05       	cpc	r25, r1
 31a:	14 f0       	brlt	.+4      	; 0x320 <analogWrite.constprop.0+0x16>
 31c:	81 e0       	ldi	r24, 0x01	; 1
 31e:	f9 cf       	rjmp	.-14     	; 0x312 <analogWrite.constprop.0+0x8>
 320:	80 93 2c 0a 	sts	0x0A2C, r24	; 0x800a2c <__RODATA_PM_OFFSET__+0x7f8a2c>
 324:	80 91 01 0a 	lds	r24, 0x0A01	; 0x800a01 <__RODATA_PM_OFFSET__+0x7f8a01>
 328:	84 60       	ori	r24, 0x04	; 4
 32a:	80 93 01 0a 	sts	0x0A01, r24	; 0x800a01 <__RODATA_PM_OFFSET__+0x7f8a01>
 32e:	f2 cf       	rjmp	.-28     	; 0x314 <analogWrite.constprop.0+0xa>

00000330 <delay>:
delay():
 330:	60 31       	cpi	r22, 0x10	; 16
 332:	71 05       	cpc	r23, r1
 334:	81 05       	cpc	r24, r1
 336:	91 05       	cpc	r25, r1
 338:	38 f0       	brcs	.+14     	; 0x348 <delay+0x18>
 33a:	98 cf       	rjmp	.-208    	; 0x26c <delay.part.0>
_delay_ms():
 33c:	e7 e8       	ldi	r30, 0x87	; 135
 33e:	f3 e1       	ldi	r31, 0x13	; 19
 340:	31 97       	sbiw	r30, 0x01	; 1
 342:	f1 f7       	brne	.-4      	; 0x340 <delay+0x10>
 344:	00 c0       	rjmp	.+0      	; 0x346 <delay+0x16>
 346:	00 00       	nop
delay():
 348:	61 50       	subi	r22, 0x01	; 1
 34a:	71 09       	sbc	r23, r1
 34c:	81 09       	sbc	r24, r1
 34e:	91 09       	sbc	r25, r1
 350:	a8 f7       	brcc	.-22     	; 0x33c <delay+0xc>
 352:	08 95       	ret

00000354 <__vector_14>:
__vector_14():
 354:	8f 93       	push	r24
 356:	81 e0       	ldi	r24, 0x01	; 1
 358:	80 93 8d 0a 	sts	0x0A8D, r24	; 0x800a8d <__RODATA_PM_OFFSET__+0x7f8a8d>
 35c:	8f b7       	in	r24, 0x3f	; 63
 35e:	8f 93       	push	r24
 360:	ef 93       	push	r30
 362:	ff 93       	push	r31
 364:	e4 e0       	ldi	r30, 0x04	; 4
 366:	ff e3       	ldi	r31, 0x3F	; 63
 368:	9f 93       	push	r25
 36a:	68 94       	set
 36c:	8f ef       	ldi	r24, 0xFF	; 255
 36e:	0d c0       	rjmp	.+26     	; 0x38a <sub4>

00000370 <ovf_end>:
 370:	e8 94       	clt
 372:	84 81       	ldd	r24, Z+4	; 0x04
 374:	95 81       	ldd	r25, Z+5	; 0x05
 376:	80 5d       	subi	r24, 0xD0	; 208
 378:	9c 4f       	sbci	r25, 0xFC	; 252
 37a:	84 83       	std	Z+4, r24	; 0x04
 37c:	95 83       	std	Z+5, r25	; 0x05
 37e:	88 5e       	subi	r24, 0xE8	; 232
 380:	93 40       	sbci	r25, 0x03	; 3
 382:	80 f0       	brcs	.+32     	; 0x3a4 <sub_end>
 384:	84 83       	std	Z+4, r24	; 0x04
 386:	95 83       	std	Z+5, r25	; 0x05
 388:	8f ef       	ldi	r24, 0xFF	; 255

0000038a <sub4>:
 38a:	90 81       	ld	r25, Z
 38c:	98 1b       	sub	r25, r24
 38e:	91 93       	st	Z+, r25
 390:	90 81       	ld	r25, Z
 392:	9f 4f       	sbci	r25, 0xFF	; 255
 394:	91 93       	st	Z+, r25
 396:	90 81       	ld	r25, Z
 398:	9f 4f       	sbci	r25, 0xFF	; 255
 39a:	91 93       	st	Z+, r25
 39c:	90 81       	ld	r25, Z
 39e:	9f 4f       	sbci	r25, 0xFF	; 255
 3a0:	91 93       	st	Z+, r25
 3a2:	36 f3       	brts	.-52     	; 0x370 <ovf_end>

000003a4 <sub_end>:
 3a4:	9f 91       	pop	r25
 3a6:	ff 91       	pop	r31
 3a8:	ef 91       	pop	r30
 3aa:	8f 91       	pop	r24
 3ac:	8f bf       	out	0x3f, r24	; 63
 3ae:	8f 91       	pop	r24
 3b0:	18 95       	reti

000003b2 <main>:
main():
C:\Users\takas\AppData\Local\Arduino15\packages\megaTinyCore\hardware\megaavr\2.6.11\cores\megatinycore/main.cpp:49
 * called first in non-optiboot configurations (neither is needed on Optibooot configurations() *
 * an extra bit of initialization code in .init3 to fix the vectors and still happen if user    *
 * overrides main. In the past there was a USB-related function here, that is removed, as work  *
 * will be needed in any event at the core level if VUSB-based "stuff" arrives, but really I'm  *
 * just waiting for the DU-series now                                                           */
int main() {
 3b2:	cf 93       	push	r28
 3b4:	df 93       	push	r29
 3b6:	cd b7       	in	r28, 0x3d	; 61
 3b8:	de b7       	in	r29, 0x3e	; 62
 3ba:	28 97       	sbiw	r28, 0x08	; 8
 3bc:	cd bf       	out	0x3d, r28	; 61
 3be:	de bf       	out	0x3e, r29	; 62
init_clock():
C:\Users\takas\AppData\Local\Arduino15\packages\megaTinyCore\hardware\megaavr\2.6.11\cores\megatinycore/wiring.c:460
  #if (CLOCK_SOURCE == 0)
    #if (defined(CLOCK_TUNE_INTERNAL))
      tune_internal(); // Will be inlined as only called once. Just too long and ugly to put two implementations in middle of this.
    #else
      #if defined(_MCLK_CTRLB) && defined(F_CPU) && defined(_MAIN_CLOCK_PRESCALER)
        _PROTECTED_WRITE(CLKCTRL_MCLKCTRLB,_MCLK_CTRLB);
 3c0:	88 ed       	ldi	r24, 0xD8	; 216
 3c2:	90 e0       	ldi	r25, 0x00	; 0
 3c4:	84 bf       	out	0x34, r24	; 52
 3c6:	90 93 61 00 	sts	0x0061, r25	; 0x800061 <__RODATA_PM_OFFSET__+0x7f8061>
init_ADC0():
C:\Users\takas\AppData\Local\Arduino15\packages\megaTinyCore\hardware\megaavr\2.6.11\cores\megatinycore/wiring.c:552


/********************************* ADC ****************************************/
void __attribute__((weak)) init_ADC0() {
  ADC_t* pADC;
  _fastPtr_d(pADC, &ADC0);
 3ca:	e0 e0       	ldi	r30, 0x00	; 0
 3cc:	f6 e0       	ldi	r31, 0x06	; 6
C:\Users\takas\AppData\Local\Arduino15\packages\megaTinyCore\hardware\megaavr\2.6.11\cores\megatinycore/wiring.c:573
   **************************************************************************/
    //                              30 MHz / 32 = 937 kHz,  32 MHz / 32 =  1 MHz.
    #if   F_CPU   > 24000000     // 24 MHz / 16 = 1.5 MHz,  25 MHz / 32 =  780 kHz
      pADC->CTRLC  = ADC_PRESC_DIV32_gc | ADC_REFSEL_VDDREF_gc | ADC_SAMPCAP_bm;
    #elif F_CPU  >= 12000000    // 16 MHz / 16 = 1.0 MHz,  20 MHz / 16 = 1.25 MHz
      pADC->CTRLC  = ADC_PRESC_DIV16_gc | ADC_REFSEL_VDDREF_gc | ADC_SAMPCAP_bm;
 3ce:	83 e5       	ldi	r24, 0x53	; 83
 3d0:	82 83       	std	Z+2, r24	; 0x02
C:\Users\takas\AppData\Local\Arduino15\packages\megaTinyCore\hardware\megaavr\2.6.11\cores\megatinycore/wiring.c:584
      pADC->CTRLC  =  ADC_PRESC_DIV2_gc | ADC_REFSEL_VDDREF_gc | ADC_SAMPCAP_bm;
    #endif
    #if   (F_CPU == 6000000 || F_CPU == 12000000 || F_CPU == 24000000 || F_CPU ==25000000)
      pADC->SAMPCTRL = (7); // 9 ADC clocks, 12 us
    #elif (F_CPU == 5000000 || F_CPU == 10000000 || F_CPU == 20000000)
      pADC->SAMPCTRL = (13);   // 15 ADC clock,s 12 us
 3d2:	8d e0       	ldi	r24, 0x0D	; 13
 3d4:	85 83       	std	Z+5, r24	; 0x05
C:\Users\takas\AppData\Local\Arduino15\packages\megaTinyCore\hardware\megaavr\2.6.11\cores\megatinycore/wiring.c:588
    #else
      pADC->SAMPCTRL = (10); // 12 ADC clocks, 12 us
    #endif
    pADC->CTRLD    = ADC_INITDLY_DLY16_gc;
 3d6:	80 e2       	ldi	r24, 0x20	; 32
 3d8:	83 83       	std	Z+3, r24	; 0x03
C:\Users\takas\AppData\Local\Arduino15\packages\megaTinyCore\hardware\megaavr\2.6.11\cores\megatinycore/wiring.c:589
    pADC->CTRLA    = ADC_ENABLE_bm;
 3da:	21 e0       	ldi	r18, 0x01	; 1
 3dc:	20 83       	st	Z, r18
init_TCA0():
C:\Users\takas\AppData\Local\Arduino15\packages\megaTinyCore\hardware\megaavr\2.6.11\cores\megatinycore/wiring.c:680

void __attribute__((weak)) init_TCA0() {
  /*  TYPE A TIMER   */
  #if !defined(TCA_BUFFERED_3PIN)
    #if defined(PORTMUX_CTRLC)
      PORTMUX.CTRLC = TCA_PORTMUX;
 3de:	20 93 02 02 	sts	0x0202, r18	; 0x800202 <__RODATA_PM_OFFSET__+0x7f8202>
C:\Users\takas\AppData\Local\Arduino15\packages\megaTinyCore\hardware\megaavr\2.6.11\cores\megatinycore/wiring.c:684
    #else
      PORTMUX.TCAROUTEA = TCA_PORTMUX;
    #endif
    TCA0.SPLIT.CTRLD   = TCA_SPLIT_SPLITM_bm;
 3e2:	20 93 03 0a 	sts	0x0A03, r18	; 0x800a03 <__RODATA_PM_OFFSET__+0x7f8a03>
C:\Users\takas\AppData\Local\Arduino15\packages\megaTinyCore\hardware\megaavr\2.6.11\cores\megatinycore/wiring.c:685
    TCA0.SPLIT.LPER    = PWM_TIMER_PERIOD;
 3e6:	8e ef       	ldi	r24, 0xFE	; 254
 3e8:	80 93 26 0a 	sts	0x0A26, r24	; 0x800a26 <__RODATA_PM_OFFSET__+0x7f8a26>
C:\Users\takas\AppData\Local\Arduino15\packages\megaTinyCore\hardware\megaavr\2.6.11\cores\megatinycore/wiring.c:686
    TCA0.SPLIT.HPER    = PWM_TIMER_PERIOD;
 3ec:	80 93 27 0a 	sts	0x0A27, r24	; 0x800a27 <__RODATA_PM_OFFSET__+0x7f8a27>
C:\Users\takas\AppData\Local\Arduino15\packages\megaTinyCore\hardware\megaavr\2.6.11\cores\megatinycore/wiring.c:687
    TCA0.SPLIT.CTRLA   = (_TIMERA_PRESCALER | TCA_SPLIT_ENABLE_bm);
 3f0:	8b e0       	ldi	r24, 0x0B	; 11
 3f2:	80 93 00 0a 	sts	0x0A00, r24	; 0x800a00 <__RODATA_PM_OFFSET__+0x7f8a00>
init_millis():
C:\Users\takas\AppData\Local\Arduino15\packages\megaTinyCore\hardware\megaavr\2.6.11\cores\megatinycore/wiring.c:345
      #else
        TCA0.SINGLE.INTCTRL = TCA_SINGLE_OVF_bm;
      #endif
    #elif defined(MILLIS_USE_TIMERD0)
      TCD_t* pTCD;
      _fastPtr_d(pTCD, &TCD0);
 3f6:	e0 e8       	ldi	r30, 0x80	; 128
 3f8:	fa e0       	ldi	r31, 0x0A	; 10
C:\Users\takas\AppData\Local\Arduino15\packages\megaTinyCore\hardware\megaavr\2.6.11\cores\megatinycore/wiring.c:346
      pTCD->CMPBCLR        = TIME_TRACKING_TIMER_PERIOD; // essentially, this is TOP
 3fa:	8d ef       	ldi	r24, 0xFD	; 253
 3fc:	91 e0       	ldi	r25, 0x01	; 1
 3fe:	86 a7       	std	Z+46, r24	; 0x2e
 400:	97 a7       	std	Z+47, r25	; 0x2f
C:\Users\takas\AppData\Local\Arduino15\packages\megaTinyCore\hardware\megaavr\2.6.11\cores\megatinycore/wiring.c:347
      pTCD->CTRLB          = 0x00; // oneramp mode
 402:	11 82       	std	Z+1, r1	; 0x01
C:\Users\takas\AppData\Local\Arduino15\packages\megaTinyCore\hardware\megaavr\2.6.11\cores\megatinycore/wiring.c:348
      pTCD->CTRLC          = 0x80;
 404:	80 e8       	ldi	r24, 0x80	; 128
 406:	82 83       	std	Z+2, r24	; 0x02
C:\Users\takas\AppData\Local\Arduino15\packages\megaTinyCore\hardware\megaavr\2.6.11\cores\megatinycore/wiring.c:349
      pTCD->INTCTRL        = 0x01; // enable interrupt
 408:	24 87       	std	Z+12, r18	; 0x0c
C:\Users\takas\AppData\Local\Arduino15\packages\megaTinyCore\hardware\megaavr\2.6.11\cores\megatinycore/wiring.c:350
      pTCD->CTRLA          = _TIMERD0_PRESCALER | 0x01; // set clock source and enable!
 40a:	81 e1       	ldi	r24, 0x11	; 17
 40c:	80 83       	st	Z, r24
main():
C:\Users\takas\AppData\Local\Arduino15\packages\megaTinyCore\hardware\megaavr\2.6.11\cores\megatinycore/main.cpp:53
  onBeforeInit(); // Emnpty callback called before init but after the .init stuff. First normal code executed
  init(); // Interrupts are turned on just prior to init() returning.
  initVariant();
  if (!onAfterInit()) sei();  // enable interrupts.
 40e:	78 94       	sei
analogReference():
C:\Users\takas\AppData\Local\Arduino15\packages\megaTinyCore\hardware\megaavr\2.6.11\cores\megatinycore/wiring_analog.c:672
    switch (mode) {
      #if defined(EXTERNAL)
        case EXTERNAL:
      #endif
      case VDD:
        VREF.CTRLB &= ~VREF_ADC0REFEN_bm; // Turn off force-adc-reference-enable
 410:	80 91 a1 00 	lds	r24, 0x00A1	; 0x8000a1 <__RODATA_PM_OFFSET__+0x7f80a1>
 414:	8d 7f       	andi	r24, 0xFD	; 253
 416:	80 93 a1 00 	sts	0x00A1, r24	; 0x8000a1 <__RODATA_PM_OFFSET__+0x7f80a1>
C:\Users\takas\AppData\Local\Arduino15\packages\megaTinyCore\hardware\megaavr\2.6.11\cores\megatinycore/wiring_analog.c:673
        ADC0.CTRLC = (ADC0.CTRLC & ~(ADC_REFSEL_gm)) | mode | ADC_SAMPCAP_bm; // per datasheet, recommended SAMPCAP=1 at ref > 1v - we don't *KNOW* the external reference will be >1v, but it's probably more likely...
 41a:	80 91 02 06 	lds	r24, 0x0602	; 0x800602 <__RODATA_PM_OFFSET__+0x7f8602>
 41e:	8f 7c       	andi	r24, 0xCF	; 207
 420:	80 65       	ori	r24, 0x50	; 80
 422:	80 93 02 06 	sts	0x0602, r24	; 0x800602 <__RODATA_PM_OFFSET__+0x7f8602>
setup():
D:\Project\FireFlies\Arduino\FireFly/FireFly.ino:20
  // ★重要：ADCの基準電圧を電源電圧（VDD/5V）に明示的に設定
#if defined(VDD)
  analogReference(VDD);
#endif

  pinMode(ledPin, OUTPUT);
 426:	68 df       	rcall	.-304    	; 0x2f8 <pinMode.constprop.4>
analogRead():
C:\Users\takas\AppData\Local\Arduino15\packages\megaTinyCore\hardware\megaavr\2.6.11\cores\megatinycore/wiring_analog.c:716
      // don't waste flash on smallest parts.
      if ((pin & 0x7F) > 0x1F) { // highest valid mux value for any 0 or 1-series part.
        return ADC_ERROR_BAD_PIN_OR_CHANNEL;
      }
    #endif
    if (!ADC0.CTRLA & 0x01) return ADC_ERROR_DISABLED;
 428:	80 91 00 06 	lds	r24, 0x0600	; 0x800600 <__RODATA_PM_OFFSET__+0x7f8600>
main():
 42c:	69 ef       	ldi	r22, 0xF9	; 249
 42e:	72 e8       	ldi	r23, 0x82	; 130
analogRead():
 430:	88 23       	and	r24, r24
 432:	69 f0       	breq	.+26     	; 0x44e <__LOCK_REGION_LENGTH__+0x4e>
C:\Users\takas\AppData\Local\Arduino15\packages\megaTinyCore\hardware\megaavr\2.6.11\cores\megatinycore/wiring_analog.c:720
    pin &= 0x1F;
    /* Reference should be already set up */
    /* Select channel */
    ADC0.MUXPOS = (pin << ADC_MUXPOS_gp);
 434:	31 e0       	ldi	r19, 0x01	; 1
 436:	30 93 06 06 	sts	0x0606, r19	; 0x800606 <__RODATA_PM_OFFSET__+0x7f8606>
C:\Users\takas\AppData\Local\Arduino15\packages\megaTinyCore\hardware\megaavr\2.6.11\cores\megatinycore/wiring_analog.c:727
    #if defined(STRICT_ERROR_CHECKING)
      if (ADC0.COMMAND) return ADC_ERROR_BUSY;
    #endif

    /* Start conversion */
    ADC0.COMMAND = ADC_STCONV_bm;
 43a:	30 93 08 06 	sts	0x0608, r19	; 0x800608 <__RODATA_PM_OFFSET__+0x7f8608>
C:\Users\takas\AppData\Local\Arduino15\packages\megaTinyCore\hardware\megaavr\2.6.11\cores\megatinycore/wiring_analog.c:730

    /* Wait for result ready */
    while (!(ADC0.INTFLAGS & ADC_RESRDY_bm));
 43e:	80 91 0b 06 	lds	r24, 0x060B	; 0x80060b <__RODATA_PM_OFFSET__+0x7f860b>
 442:	80 ff       	sbrs	r24, 0
 444:	fc cf       	rjmp	.-8      	; 0x43e <__LOCK_REGION_LENGTH__+0x3e>
C:\Users\takas\AppData\Local\Arduino15\packages\megaTinyCore\hardware\megaavr\2.6.11\cores\megatinycore/wiring_analog.c:733

    /* Combine two bytes */
    return ADC0.RES;
 446:	60 91 10 06 	lds	r22, 0x0610	; 0x800610 <__RODATA_PM_OFFSET__+0x7f8610>
 44a:	70 91 11 06 	lds	r23, 0x0611	; 0x800611 <__RODATA_PM_OFFSET__+0x7f8611>
setup():
D:\Project\FireFlies\Arduino\FireFly/FireFly.ino:21
  randomSeed(analogRead(PIN_PA1));
 44e:	07 2e       	mov	r0, r23
 450:	00 0c       	add	r0, r0
 452:	88 0b       	sbc	r24, r24
 454:	99 0b       	sbc	r25, r25
randomSeed():
C:\Users\takas\AppData\Local\Arduino15\packages\megaTinyCore\hardware\megaavr\2.6.11\cores\megatinycore/WMath.cpp:29
extern "C" {
#include "stdlib.h"
}

void randomSeed(unsigned long seed) {
  if (seed != 0) {
 456:	61 15       	cp	r22, r1
 458:	71 05       	cpc	r23, r1
 45a:	81 05       	cpc	r24, r1
 45c:	91 05       	cpc	r25, r1
 45e:	09 f0       	breq	.+2      	; 0x462 <__LOCK_REGION_LENGTH__+0x62>
C:\Users\takas\AppData\Local\Arduino15\packages\megaTinyCore\hardware\megaavr\2.6.11\cores\megatinycore/WMath.cpp:30
    srandom(seed);
 460:	94 d1       	rcall	.+808    	; 0x78a <srandom>
flashFirefly():
D:\Project\FireFlies\Arduino\FireFly/FireFly.ino:31
  int upDelay = random(5, 7);
  int downDelay = random(8, 12);

  for (int i = 0; i <= 255; i++) {
    long iSquared = (long)i * i;
    int pwmVal = (int)((iSquared * maxLimit) / 65025);
 462:	44 24       	eor	r4, r4
 464:	43 94       	inc	r4
 466:	9e ef       	ldi	r25, 0xFE	; 254
 468:	59 2e       	mov	r5, r25
 46a:	61 2c       	mov	r6, r1
 46c:	71 2c       	mov	r7, r1
analogRead():
C:\Users\takas\AppData\Local\Arduino15\packages\megaTinyCore\hardware\megaavr\2.6.11\cores\megatinycore/wiring_analog.c:716
      // don't waste flash on smallest parts.
      if ((pin & 0x7F) > 0x1F) { // highest valid mux value for any 0 or 1-series part.
        return ADC_ERROR_BAD_PIN_OR_CHANNEL;
      }
    #endif
    if (!ADC0.CTRLA & 0x01) return ADC_ERROR_DISABLED;
 46e:	80 91 00 06 	lds	r24, 0x0600	; 0x800600 <__RODATA_PM_OFFSET__+0x7f8600>
 472:	88 23       	and	r24, r24
 474:	09 f4       	brne	.+2      	; 0x478 <__LOCK_REGION_LENGTH__+0x78>
 476:	ec c0       	rjmp	.+472    	; 0x650 <__LOCK_REGION_LENGTH__+0x250>
C:\Users\takas\AppData\Local\Arduino15\packages\megaTinyCore\hardware\megaavr\2.6.11\cores\megatinycore/wiring_analog.c:720
    pin &= 0x1F;
    /* Reference should be already set up */
    /* Select channel */
    ADC0.MUXPOS = (pin << ADC_MUXPOS_gp);
 478:	47 e0       	ldi	r20, 0x07	; 7
 47a:	40 93 06 06 	sts	0x0606, r20	; 0x800606 <__RODATA_PM_OFFSET__+0x7f8606>
C:\Users\takas\AppData\Local\Arduino15\packages\megaTinyCore\hardware\megaavr\2.6.11\cores\megatinycore/wiring_analog.c:727
    #if defined(STRICT_ERROR_CHECKING)
      if (ADC0.COMMAND) return ADC_ERROR_BUSY;
    #endif

    /* Start conversion */
    ADC0.COMMAND = ADC_STCONV_bm;
 47e:	51 e0       	ldi	r21, 0x01	; 1
 480:	50 93 08 06 	sts	0x0608, r21	; 0x800608 <__RODATA_PM_OFFSET__+0x7f8608>
C:\Users\takas\AppData\Local\Arduino15\packages\megaTinyCore\hardware\megaavr\2.6.11\cores\megatinycore/wiring_analog.c:730

    /* Wait for result ready */
    while (!(ADC0.INTFLAGS & ADC_RESRDY_bm));
 484:	80 91 0b 06 	lds	r24, 0x060B	; 0x80060b <__RODATA_PM_OFFSET__+0x7f860b>
 488:	80 ff       	sbrs	r24, 0
 48a:	fc cf       	rjmp	.-8      	; 0x484 <__LOCK_REGION_LENGTH__+0x84>
C:\Users\takas\AppData\Local\Arduino15\packages\megaTinyCore\hardware\megaavr\2.6.11\cores\megatinycore/wiring_analog.c:733

    /* Combine two bytes */
    return ADC0.RES;
 48c:	80 91 10 06 	lds	r24, 0x0610	; 0x800610 <__RODATA_PM_OFFSET__+0x7f8610>
 490:	90 91 11 06 	lds	r25, 0x0611	; 0x800611 <__RODATA_PM_OFFSET__+0x7f8611>
loop():
D:\Project\FireFlies\Arduino\FireFly/FireFly.ino:52

void loop() {
  int currentVal = analogRead(sensorPin);

  // 4.0V (ADC 819) 以上の場合のみ「夜」と判定
  if (currentVal >= DARK_THRESHOLD) {
 494:	83 33       	cpi	r24, 0x33	; 51
 496:	93 40       	sbci	r25, 0x03	; 3
 498:	0c f4       	brge	.+2      	; 0x49c <__LOCK_REGION_LENGTH__+0x9c>
 49a:	da c0       	rjmp	.+436    	; 0x650 <__LOCK_REGION_LENGTH__+0x250>
random():
C:\Users\takas\AppData\Local\Arduino15\packages\megaTinyCore\hardware\megaavr\2.6.11\cores\megatinycore/WMath.cpp:38

long random(long howbig) {
  if (howbig == 0) {
    return 0;
  }
  return random() % howbig;
 49c:	2a d1       	rcall	.+596    	; 0x6f2 <random>
 49e:	2f eb       	ldi	r18, 0xBF	; 191
 4a0:	30 e0       	ldi	r19, 0x00	; 0
 4a2:	40 e0       	ldi	r20, 0x00	; 0
 4a4:	50 e0       	ldi	r21, 0x00	; 0
 4a6:	7a d1       	rcall	.+756    	; 0x79c <__divmodsi4>
C:\Users\takas\AppData\Local\Arduino15\packages\megaTinyCore\hardware\megaavr\2.6.11\cores\megatinycore/WMath.cpp:46
long random(long howsmall, long howbig) {
  if (howsmall >= howbig) {
    return howsmall;
  }
  long diff = howbig - howsmall;
  return random(diff) + howsmall;
 4a8:	4b 01       	movw	r8, r22
 4aa:	5c 01       	movw	r10, r24
 4ac:	3a e0       	ldi	r19, 0x0A	; 10
 4ae:	83 0e       	add	r8, r19
 4b0:	91 1c       	adc	r9, r1
 4b2:	a1 1c       	adc	r10, r1
 4b4:	b1 1c       	adc	r11, r1
C:\Users\takas\AppData\Local\Arduino15\packages\megaTinyCore\hardware\megaavr\2.6.11\cores\megatinycore/WMath.cpp:38

long random(long howbig) {
  if (howbig == 0) {
    return 0;
  }
  return random() % howbig;
 4b6:	1d d1       	rcall	.+570    	; 0x6f2 <random>
 4b8:	22 e0       	ldi	r18, 0x02	; 2
 4ba:	30 e0       	ldi	r19, 0x00	; 0
 4bc:	40 e0       	ldi	r20, 0x00	; 0
 4be:	50 e0       	ldi	r21, 0x00	; 0
 4c0:	6d d1       	rcall	.+730    	; 0x79c <__divmodsi4>
C:\Users\takas\AppData\Local\Arduino15\packages\megaTinyCore\hardware\megaavr\2.6.11\cores\megatinycore/WMath.cpp:46
long random(long howsmall, long howbig) {
  if (howsmall >= howbig) {
    return howsmall;
  }
  long diff = howbig - howsmall;
  return random(diff) + howsmall;
 4c2:	9b 01       	movw	r18, r22
 4c4:	ac 01       	movw	r20, r24
 4c6:	2b 5f       	subi	r18, 0xFB	; 251
 4c8:	3f 4f       	sbci	r19, 0xFF	; 255
 4ca:	4f 4f       	sbci	r20, 0xFF	; 255
 4cc:	5f 4f       	sbci	r21, 0xFF	; 255
 4ce:	29 83       	std	Y+1, r18	; 0x01
 4d0:	3a 83       	std	Y+2, r19	; 0x02
 4d2:	4b 83       	std	Y+3, r20	; 0x03
 4d4:	5c 83       	std	Y+4, r21	; 0x04
C:\Users\takas\AppData\Local\Arduino15\packages\megaTinyCore\hardware\megaavr\2.6.11\cores\megatinycore/WMath.cpp:38

long random(long howbig) {
  if (howbig == 0) {
    return 0;
  }
  return random() % howbig;
 4d6:	0d d1       	rcall	.+538    	; 0x6f2 <random>
 4d8:	24 e0       	ldi	r18, 0x04	; 4
 4da:	30 e0       	ldi	r19, 0x00	; 0
 4dc:	40 e0       	ldi	r20, 0x00	; 0
 4de:	50 e0       	ldi	r21, 0x00	; 0
 4e0:	5d d1       	rcall	.+698    	; 0x79c <__divmodsi4>
C:\Users\takas\AppData\Local\Arduino15\packages\megaTinyCore\hardware\megaavr\2.6.11\cores\megatinycore/WMath.cpp:46
long random(long howsmall, long howbig) {
  if (howsmall >= howbig) {
    return howsmall;
  }
  long diff = howbig - howsmall;
  return random(diff) + howsmall;
 4e2:	9b 01       	movw	r18, r22
 4e4:	ac 01       	movw	r20, r24
 4e6:	28 5f       	subi	r18, 0xF8	; 248
 4e8:	3f 4f       	sbci	r19, 0xFF	; 255
 4ea:	4f 4f       	sbci	r20, 0xFF	; 255
 4ec:	5f 4f       	sbci	r21, 0xFF	; 255
 4ee:	2d 83       	std	Y+5, r18	; 0x05
 4f0:	3e 83       	std	Y+6, r19	; 0x06
 4f2:	4f 83       	std	Y+7, r20	; 0x07
 4f4:	58 87       	std	Y+8, r21	; 0x08
 4f6:	c1 2c       	mov	r12, r1
 4f8:	d1 2c       	mov	r13, r1
 4fa:	76 01       	movw	r14, r12
flashFirefly():
D:\Project\FireFlies\Arduino\FireFly/FireFly.ino:30
  int maxLimit = random(10, ABSOLUTE_MAX_BRIGHTNESS + 1);
  int upDelay = random(5, 7);
  int downDelay = random(8, 12);

  for (int i = 0; i <= 255; i++) {
    long iSquared = (long)i * i;
 4fc:	a7 01       	movw	r20, r14
 4fe:	96 01       	movw	r18, r12
 500:	c7 01       	movw	r24, r14
 502:	b6 01       	movw	r22, r12
 504:	a5 d1       	rcall	.+842    	; 0x850 <__mulsi3>
 506:	9b 01       	movw	r18, r22
 508:	ac 01       	movw	r20, r24
D:\Project\FireFlies\Arduino\FireFly/FireFly.ino:31
    int pwmVal = (int)((iSquared * maxLimit) / 65025);
 50a:	c5 01       	movw	r24, r10
 50c:	b4 01       	movw	r22, r8
 50e:	a0 d1       	rcall	.+832    	; 0x850 <__mulsi3>
 510:	a3 01       	movw	r20, r6
 512:	92 01       	movw	r18, r4
 514:	43 d1       	rcall	.+646    	; 0x79c <__divmodsi4>
D:\Project\FireFlies\Arduino\FireFly/FireFly.ino:32
    analogWrite(ledPin, pwmVal);
 516:	c9 01       	movw	r24, r18
 518:	f8 de       	rcall	.-528    	; 0x30a <analogWrite.constprop.0>
D:\Project\FireFlies\Arduino\FireFly/FireFly.ino:33
    delay(upDelay); 
 51a:	69 81       	ldd	r22, Y+1	; 0x01
 51c:	7a 81       	ldd	r23, Y+2	; 0x02
 51e:	8b 81       	ldd	r24, Y+3	; 0x03
 520:	9c 81       	ldd	r25, Y+4	; 0x04
 522:	06 df       	rcall	.-500    	; 0x330 <delay>
 524:	3f ef       	ldi	r19, 0xFF	; 255
 526:	c3 1a       	sub	r12, r19
 528:	d3 0a       	sbc	r13, r19
 52a:	e3 0a       	sbc	r14, r19
 52c:	f3 0a       	sbc	r15, r19
D:\Project\FireFlies\Arduino\FireFly/FireFly.ino:29
void flashFirefly() {
  int maxLimit = random(10, ABSOLUTE_MAX_BRIGHTNESS + 1);
  int upDelay = random(5, 7);
  int downDelay = random(8, 12);

  for (int i = 0; i <= 255; i++) {
 52e:	c1 14       	cp	r12, r1
 530:	41 e0       	ldi	r20, 0x01	; 1
 532:	d4 06       	cpc	r13, r20
 534:	e1 04       	cpc	r14, r1
 536:	f1 04       	cpc	r15, r1
 538:	09 f7       	brne	.-62     	; 0x4fc <__LOCK_REGION_LENGTH__+0xfc>
random():
C:\Users\takas\AppData\Local\Arduino15\packages\megaTinyCore\hardware\megaavr\2.6.11\cores\megatinycore/WMath.cpp:38

long random(long howbig) {
  if (howbig == 0) {
    return 0;
  }
  return random() % howbig;
 53a:	db d0       	rcall	.+438    	; 0x6f2 <random>
 53c:	20 ed       	ldi	r18, 0xD0	; 208
 53e:	37 e0       	ldi	r19, 0x07	; 7
 540:	40 e0       	ldi	r20, 0x00	; 0
 542:	50 e0       	ldi	r21, 0x00	; 0
 544:	2b d1       	rcall	.+598    	; 0x79c <__divmodsi4>
C:\Users\takas\AppData\Local\Arduino15\packages\megaTinyCore\hardware\megaavr\2.6.11\cores\megatinycore/WMath.cpp:46
long random(long howsmall, long howbig) {
  if (howsmall >= howbig) {
    return howsmall;
  }
  long diff = howbig - howsmall;
  return random(diff) + howsmall;
 546:	60 53       	subi	r22, 0x30	; 48
 548:	78 4f       	sbci	r23, 0xF8	; 248
 54a:	8f 4f       	sbci	r24, 0xFF	; 255
 54c:	9f 4f       	sbci	r25, 0xFF	; 255
flashFirefly():
D:\Project\FireFlies\Arduino\FireFly/FireFly.ino:36
    int pwmVal = (int)((iSquared * maxLimit) / 65025);
    analogWrite(ledPin, pwmVal);
    delay(upDelay); 
  }

  delay(random(2000, 4000));
 54e:	f0 de       	rcall	.-544    	; 0x330 <delay>
 550:	c1 2c       	mov	r12, r1
 552:	d1 2c       	mov	r13, r1
 554:	76 01       	movw	r14, r12
 556:	ca 94       	dec	r12
D:\Project\FireFlies\Arduino\FireFly/FireFly.ino:39

  for (int i = 255; i >= 0; i--) {
    long iSquared = (long)i * i;
 558:	a7 01       	movw	r20, r14
 55a:	96 01       	movw	r18, r12
 55c:	c7 01       	movw	r24, r14
 55e:	b6 01       	movw	r22, r12
 560:	77 d1       	rcall	.+750    	; 0x850 <__mulsi3>
 562:	9b 01       	movw	r18, r22
 564:	ac 01       	movw	r20, r24
D:\Project\FireFlies\Arduino\FireFly/FireFly.ino:40
    int pwmVal = (int)((iSquared * maxLimit) / 65025);
 566:	c5 01       	movw	r24, r10
 568:	b4 01       	movw	r22, r8
 56a:	72 d1       	rcall	.+740    	; 0x850 <__mulsi3>
 56c:	a3 01       	movw	r20, r6
 56e:	92 01       	movw	r18, r4
 570:	15 d1       	rcall	.+554    	; 0x79c <__divmodsi4>
D:\Project\FireFlies\Arduino\FireFly/FireFly.ino:41
    analogWrite(ledPin, pwmVal);
 572:	c9 01       	movw	r24, r18
 574:	ca de       	rcall	.-620    	; 0x30a <analogWrite.constprop.0>
D:\Project\FireFlies\Arduino\FireFly/FireFly.ino:42
    delay(downDelay); 
 576:	6d 81       	ldd	r22, Y+5	; 0x05
 578:	7e 81       	ldd	r23, Y+6	; 0x06
 57a:	8f 81       	ldd	r24, Y+7	; 0x07
 57c:	98 85       	ldd	r25, Y+8	; 0x08
 57e:	d8 de       	rcall	.-592    	; 0x330 <delay>
 580:	51 e0       	ldi	r21, 0x01	; 1
 582:	c5 1a       	sub	r12, r21
 584:	d1 08       	sbc	r13, r1
 586:	e1 08       	sbc	r14, r1
 588:	f1 08       	sbc	r15, r1
D:\Project\FireFlies\Arduino\FireFly/FireFly.ino:38
    delay(upDelay); 
  }

  delay(random(2000, 4000));

  for (int i = 255; i >= 0; i--) {
 58a:	8f ef       	ldi	r24, 0xFF	; 255
 58c:	c8 16       	cp	r12, r24
 58e:	d8 06       	cpc	r13, r24
 590:	e8 06       	cpc	r14, r24
 592:	f8 06       	cpc	r15, r24
 594:	09 f7       	brne	.-62     	; 0x558 <__LOCK_REGION_LENGTH__+0x158>
D:\Project\FireFlies\Arduino\FireFly/FireFly.ino:45
    int pwmVal = (int)((iSquared * maxLimit) / 65025);
    analogWrite(ledPin, pwmVal);
    delay(downDelay); 
  }

  analogWrite(ledPin, 0);
 596:	90 e0       	ldi	r25, 0x00	; 0
 598:	80 e0       	ldi	r24, 0x00	; 0
 59a:	b7 de       	rcall	.-658    	; 0x30a <analogWrite.constprop.0>
delay():
 59c:	60 ed       	ldi	r22, 0xD0	; 208
 59e:	77 e0       	ldi	r23, 0x07	; 7
 5a0:	80 e0       	ldi	r24, 0x00	; 0
 5a2:	90 e0       	ldi	r25, 0x00	; 0
 5a4:	63 de       	rcall	.-826    	; 0x26c <delay.part.0>
random():
C:\Users\takas\AppData\Local\Arduino15\packages\megaTinyCore\hardware\megaavr\2.6.11\cores\megatinycore/WMath.cpp:38

long random(long howbig) {
  if (howbig == 0) {
    return 0;
  }
  return random() % howbig;
 5a6:	a5 d0       	rcall	.+330    	; 0x6f2 <random>
 5a8:	21 e7       	ldi	r18, 0x71	; 113
 5aa:	37 e1       	ldi	r19, 0x17	; 23
 5ac:	40 e0       	ldi	r20, 0x00	; 0
 5ae:	50 e0       	ldi	r21, 0x00	; 0
 5b0:	f5 d0       	rcall	.+490    	; 0x79c <__divmodsi4>
C:\Users\takas\AppData\Local\Arduino15\packages\megaTinyCore\hardware\megaavr\2.6.11\cores\megatinycore/WMath.cpp:46
long random(long howsmall, long howbig) {
  if (howsmall >= howbig) {
    return howsmall;
  }
  long diff = howbig - howsmall;
  return random(diff) + howsmall;
 5b2:	6b 01       	movw	r12, r22
 5b4:	7c 01       	movw	r14, r24
 5b6:	20 ea       	ldi	r18, 0xA0	; 160
 5b8:	c2 0e       	add	r12, r18
 5ba:	2f e0       	ldi	r18, 0x0F	; 15
 5bc:	d2 1e       	adc	r13, r18
 5be:	e1 1c       	adc	r14, r1
 5c0:	f1 1c       	adc	r15, r1
millis():
C:\Users\takas\AppData\Local\Arduino15\packages\megaTinyCore\hardware\megaavr\2.6.11\cores\megatinycore/wiring.c:167
  unsigned long millis() {
    // return timer_overflow_count; // for debugging timekeeping issues where these variables are out of scope from the sketch
    unsigned long m;
    // disable interrupts while we read timer_millis or we might get an
    // inconsistent value (e.g. in the middle of a write to timer_millis)
    uint8_t oldSREG = SREG;
 5c2:	8f b7       	in	r24, 0x3f	; 63
C:\Users\takas\AppData\Local\Arduino15\packages\megaTinyCore\hardware\megaavr\2.6.11\cores\megatinycore/wiring.c:168
    cli();
 5c4:	f8 94       	cli
C:\Users\takas\AppData\Local\Arduino15\packages\megaTinyCore\hardware\megaavr\2.6.11\cores\megatinycore/wiring.c:182
        if (!(rtccount & 0x8000)) m += 64000;
      }
      SREG = oldSREG;
      m += rtccount - (rtccount >> 5) + (rtccount >> 7);
    #else
      m = timingStruct.timer_millis;
 5c6:	80 90 08 3f 	lds	r8, 0x3F08	; 0x803f08 <__data_end+0x4>
 5ca:	90 90 09 3f 	lds	r9, 0x3F09	; 0x803f09 <__data_end+0x5>
 5ce:	a0 90 0a 3f 	lds	r10, 0x3F0A	; 0x803f0a <__data_end+0x6>
 5d2:	b0 90 0b 3f 	lds	r11, 0x3F0B	; 0x803f0b <__data_end+0x7>
C:\Users\takas\AppData\Local\Arduino15\packages\megaTinyCore\hardware\megaavr\2.6.11\cores\megatinycore/wiring.c:183
      SREG = oldSREG;
 5d6:	8f bf       	out	0x3f, r24	; 63
C:\Users\takas\AppData\Local\Arduino15\packages\megaTinyCore\hardware\megaavr\2.6.11\cores\megatinycore/wiring.c:167
  unsigned long millis() {
    // return timer_overflow_count; // for debugging timekeeping issues where these variables are out of scope from the sketch
    unsigned long m;
    // disable interrupts while we read timer_millis or we might get an
    // inconsistent value (e.g. in the middle of a write to timer_millis)
    uint8_t oldSREG = SREG;
 5d8:	2f b7       	in	r18, 0x3f	; 63
C:\Users\takas\AppData\Local\Arduino15\packages\megaTinyCore\hardware\megaavr\2.6.11\cores\megatinycore/wiring.c:168
    cli();
 5da:	f8 94       	cli
C:\Users\takas\AppData\Local\Arduino15\packages\megaTinyCore\hardware\megaavr\2.6.11\cores\megatinycore/wiring.c:182
        if (!(rtccount & 0x8000)) m += 64000;
      }
      SREG = oldSREG;
      m += rtccount - (rtccount >> 5) + (rtccount >> 7);
    #else
      m = timingStruct.timer_millis;
 5dc:	80 91 08 3f 	lds	r24, 0x3F08	; 0x803f08 <__data_end+0x4>
 5e0:	90 91 09 3f 	lds	r25, 0x3F09	; 0x803f09 <__data_end+0x5>
 5e4:	a0 91 0a 3f 	lds	r26, 0x3F0A	; 0x803f0a <__data_end+0x6>
 5e8:	b0 91 0b 3f 	lds	r27, 0x3F0B	; 0x803f0b <__data_end+0x7>
C:\Users\takas\AppData\Local\Arduino15\packages\megaTinyCore\hardware\megaavr\2.6.11\cores\megatinycore/wiring.c:183
      SREG = oldSREG;
 5ec:	2f bf       	out	0x3f, r18	; 63
loop():
D:\Project\FireFlies\Arduino\FireFly/FireFly.ino:60
    delay(2000); // 自己受光ガード

    unsigned long sleepMs = random(4000, 10001);
    unsigned long startSleep = millis();

    while (millis() - startSleep < sleepMs) {
 5ee:	88 19       	sub	r24, r8
 5f0:	99 09       	sbc	r25, r9
 5f2:	aa 09       	sbc	r26, r10
 5f4:	bb 09       	sbc	r27, r11
 5f6:	8c 15       	cp	r24, r12
 5f8:	9d 05       	cpc	r25, r13
 5fa:	ae 05       	cpc	r26, r14
 5fc:	bf 05       	cpc	r27, r15
 5fe:	08 f0       	brcs	.+2      	; 0x602 <__LOCK_REGION_LENGTH__+0x202>
 600:	36 cf       	rjmp	.-404    	; 0x46e <__LOCK_REGION_LENGTH__+0x6e>
analogRead():
C:\Users\takas\AppData\Local\Arduino15\packages\megaTinyCore\hardware\megaavr\2.6.11\cores\megatinycore/wiring_analog.c:716
      // don't waste flash on smallest parts.
      if ((pin & 0x7F) > 0x1F) { // highest valid mux value for any 0 or 1-series part.
        return ADC_ERROR_BAD_PIN_OR_CHANNEL;
      }
    #endif
    if (!ADC0.CTRLA & 0x01) return ADC_ERROR_DISABLED;
 602:	80 91 00 06 	lds	r24, 0x0600	; 0x800600 <__RODATA_PM_OFFSET__+0x7f8600>
 606:	81 11       	cpse	r24, r1
 608:	0c c0       	rjmp	.+24     	; 0x622 <__LOCK_REGION_LENGTH__+0x222>
random():
C:\Users\takas\AppData\Local\Arduino15\packages\megaTinyCore\hardware\megaavr\2.6.11\cores\megatinycore/WMath.cpp:38

long random(long howbig) {
  if (howbig == 0) {
    return 0;
  }
  return random() % howbig;
 60a:	73 d0       	rcall	.+230    	; 0x6f2 <random>
 60c:	25 e8       	ldi	r18, 0x85	; 133
 60e:	33 e0       	ldi	r19, 0x03	; 3
 610:	40 e0       	ldi	r20, 0x00	; 0
 612:	50 e0       	ldi	r21, 0x00	; 0
 614:	c3 d0       	rcall	.+390    	; 0x79c <__divmodsi4>
C:\Users\takas\AppData\Local\Arduino15\packages\megaTinyCore\hardware\megaavr\2.6.11\cores\megatinycore/WMath.cpp:46
long random(long howsmall, long howbig) {
  if (howsmall >= howbig) {
    return howsmall;
  }
  long diff = howbig - howsmall;
  return random(diff) + howsmall;
 616:	64 5d       	subi	r22, 0xD4	; 212
 618:	7e 4f       	sbci	r23, 0xFE	; 254
 61a:	8f 4f       	sbci	r24, 0xFF	; 255
 61c:	9f 4f       	sbci	r25, 0xFF	; 255
loop():
D:\Project\FireFlies\Arduino\FireFly/FireFly.ino:65
      int sensorVal = analogRead(sensorPin);

      // 休止中に 2.5V (ADC 512) 以下に落ちたら光検知
      if (sensorVal < LIGHT_THRESHOLD) {
        delay(random(300, 1201));
 61e:	88 de       	rcall	.-752    	; 0x330 <delay>
 620:	26 cf       	rjmp	.-436    	; 0x46e <__LOCK_REGION_LENGTH__+0x6e>
analogRead():
C:\Users\takas\AppData\Local\Arduino15\packages\megaTinyCore\hardware\megaavr\2.6.11\cores\megatinycore/wiring_analog.c:720
    pin &= 0x1F;
    /* Reference should be already set up */
    /* Select channel */
    ADC0.MUXPOS = (pin << ADC_MUXPOS_gp);
 622:	37 e0       	ldi	r19, 0x07	; 7
 624:	30 93 06 06 	sts	0x0606, r19	; 0x800606 <__RODATA_PM_OFFSET__+0x7f8606>
C:\Users\takas\AppData\Local\Arduino15\packages\megaTinyCore\hardware\megaavr\2.6.11\cores\megatinycore/wiring_analog.c:727
    #if defined(STRICT_ERROR_CHECKING)
      if (ADC0.COMMAND) return ADC_ERROR_BUSY;
    #endif

    /* Start conversion */
    ADC0.COMMAND = ADC_STCONV_bm;
 628:	41 e0       	ldi	r20, 0x01	; 1
 62a:	40 93 08 06 	sts	0x0608, r20	; 0x800608 <__RODATA_PM_OFFSET__+0x7f8608>
C:\Users\takas\AppData\Local\Arduino15\packages\megaTinyCore\hardware\megaavr\2.6.11\cores\megatinycore/wiring_analog.c:730

    /* Wait for result ready */
    while (!(ADC0.INTFLAGS & ADC_RESRDY_bm));
 62e:	80 91 0b 06 	lds	r24, 0x060B	; 0x80060b <__RODATA_PM_OFFSET__+0x7f860b>
 632:	80 ff       	sbrs	r24, 0
 634:	fc cf       	rjmp	.-8      	; 0x62e <__LOCK_REGION_LENGTH__+0x22e>
C:\Users\takas\AppData\Local\Arduino15\packages\megaTinyCore\hardware\megaavr\2.6.11\cores\megatinycore/wiring_analog.c:733

    /* Combine two bytes */
    return ADC0.RES;
 636:	80 91 10 06 	lds	r24, 0x0610	; 0x800610 <__RODATA_PM_OFFSET__+0x7f8610>
 63a:	90 91 11 06 	lds	r25, 0x0611	; 0x800611 <__RODATA_PM_OFFSET__+0x7f8611>
loop():
D:\Project\FireFlies\Arduino\FireFly/FireFly.ino:64

    while (millis() - startSleep < sleepMs) {
      int sensorVal = analogRead(sensorPin);

      // 休止中に 2.5V (ADC 512) 以下に落ちたら光検知
      if (sensorVal < LIGHT_THRESHOLD) {
 63e:	81 15       	cp	r24, r1
 640:	92 40       	sbci	r25, 0x02	; 2
 642:	1c f3       	brlt	.-58     	; 0x60a <__LOCK_REGION_LENGTH__+0x20a>
delay():
 644:	62 e3       	ldi	r22, 0x32	; 50
 646:	70 e0       	ldi	r23, 0x00	; 0
 648:	80 e0       	ldi	r24, 0x00	; 0
 64a:	90 e0       	ldi	r25, 0x00	; 0
 64c:	0f de       	rcall	.-994    	; 0x26c <delay.part.0>
 64e:	c4 cf       	rjmp	.-120    	; 0x5d8 <__LOCK_REGION_LENGTH__+0x1d8>
loop():
D:\Project\FireFlies\Arduino\FireFly/FireFly.ino:74
      delay(50); 
    }

  } else {
    // 4.0V未満（昼間・明かりあり）は消灯待機
    digitalWrite(ledPin, LOW);
 650:	80 e0       	ldi	r24, 0x00	; 0
 652:	32 de       	rcall	.-924    	; 0x2b8 <digitalWrite.constprop.1>
delay():
 654:	68 ee       	ldi	r22, 0xE8	; 232
 656:	73 e0       	ldi	r23, 0x03	; 3
 658:	80 e0       	ldi	r24, 0x00	; 0
 65a:	90 e0       	ldi	r25, 0x00	; 0
 65c:	07 de       	rcall	.-1010   	; 0x26c <delay.part.0>
 65e:	07 cf       	rjmp	.-498    	; 0x46e <__LOCK_REGION_LENGTH__+0x6e>

00000660 <random_r>:
random_r():
 660:	8f 92       	push	r8
 662:	9f 92       	push	r9
 664:	af 92       	push	r10
 666:	bf 92       	push	r11
 668:	cf 92       	push	r12
 66a:	df 92       	push	r13
 66c:	ef 92       	push	r14
 66e:	ff 92       	push	r15
 670:	cf 93       	push	r28
 672:	df 93       	push	r29
 674:	ec 01       	movw	r28, r24
 676:	68 81       	ld	r22, Y
 678:	79 81       	ldd	r23, Y+1	; 0x01
 67a:	8a 81       	ldd	r24, Y+2	; 0x02
 67c:	9b 81       	ldd	r25, Y+3	; 0x03
 67e:	61 15       	cp	r22, r1
 680:	71 05       	cpc	r23, r1
 682:	81 05       	cpc	r24, r1
 684:	91 05       	cpc	r25, r1
 686:	21 f4       	brne	.+8      	; 0x690 <random_r+0x30>
 688:	64 e2       	ldi	r22, 0x24	; 36
 68a:	79 ed       	ldi	r23, 0xD9	; 217
 68c:	8b e5       	ldi	r24, 0x5B	; 91
 68e:	97 e0       	ldi	r25, 0x07	; 7
 690:	2d e1       	ldi	r18, 0x1D	; 29
 692:	33 ef       	ldi	r19, 0xF3	; 243
 694:	41 e0       	ldi	r20, 0x01	; 1
 696:	50 e0       	ldi	r21, 0x00	; 0
 698:	81 d0       	rcall	.+258    	; 0x79c <__divmodsi4>
 69a:	49 01       	movw	r8, r18
 69c:	5a 01       	movw	r10, r20
 69e:	9b 01       	movw	r18, r22
 6a0:	ac 01       	movw	r20, r24
 6a2:	a7 ea       	ldi	r26, 0xA7	; 167
 6a4:	b1 e4       	ldi	r27, 0x41	; 65
 6a6:	96 d0       	rcall	.+300    	; 0x7d4 <__muluhisi3>
 6a8:	6b 01       	movw	r12, r22
 6aa:	7c 01       	movw	r14, r24
 6ac:	ac ee       	ldi	r26, 0xEC	; 236
 6ae:	b4 ef       	ldi	r27, 0xF4	; 244
 6b0:	a5 01       	movw	r20, r10
 6b2:	94 01       	movw	r18, r8
 6b4:	9b d0       	rcall	.+310    	; 0x7ec <__mulohisi3>
 6b6:	c6 0e       	add	r12, r22
 6b8:	d7 1e       	adc	r13, r23
 6ba:	e8 1e       	adc	r14, r24
 6bc:	f9 1e       	adc	r15, r25
 6be:	f7 fe       	sbrs	r15, 7
 6c0:	06 c0       	rjmp	.+12     	; 0x6ce <random_r+0x6e>
 6c2:	81 e0       	ldi	r24, 0x01	; 1
 6c4:	c8 1a       	sub	r12, r24
 6c6:	d1 08       	sbc	r13, r1
 6c8:	e1 08       	sbc	r14, r1
 6ca:	80 e8       	ldi	r24, 0x80	; 128
 6cc:	f8 0a       	sbc	r15, r24
 6ce:	c8 82       	st	Y, r12
 6d0:	d9 82       	std	Y+1, r13	; 0x01
 6d2:	ea 82       	std	Y+2, r14	; 0x02
 6d4:	fb 82       	std	Y+3, r15	; 0x03
 6d6:	c7 01       	movw	r24, r14
 6d8:	b6 01       	movw	r22, r12
 6da:	9f 77       	andi	r25, 0x7F	; 127
 6dc:	df 91       	pop	r29
 6de:	cf 91       	pop	r28
 6e0:	ff 90       	pop	r15
 6e2:	ef 90       	pop	r14
 6e4:	df 90       	pop	r13
 6e6:	cf 90       	pop	r12
 6e8:	bf 90       	pop	r11
 6ea:	af 90       	pop	r10
 6ec:	9f 90       	pop	r9
 6ee:	8f 90       	pop	r8
 6f0:	08 95       	ret

000006f2 <random>:
random():
 6f2:	8f 92       	push	r8
 6f4:	9f 92       	push	r9
 6f6:	af 92       	push	r10
 6f8:	bf 92       	push	r11
 6fa:	cf 92       	push	r12
 6fc:	df 92       	push	r13
 6fe:	ef 92       	push	r14
 700:	ff 92       	push	r15
 702:	60 91 00 3f 	lds	r22, 0x3F00	; 0x803f00 <__DATA_REGION_ORIGIN__>
 706:	70 91 01 3f 	lds	r23, 0x3F01	; 0x803f01 <__DATA_REGION_ORIGIN__+0x1>
 70a:	80 91 02 3f 	lds	r24, 0x3F02	; 0x803f02 <__DATA_REGION_ORIGIN__+0x2>
 70e:	90 91 03 3f 	lds	r25, 0x3F03	; 0x803f03 <__DATA_REGION_ORIGIN__+0x3>
 712:	61 15       	cp	r22, r1
 714:	71 05       	cpc	r23, r1
 716:	81 05       	cpc	r24, r1
 718:	91 05       	cpc	r25, r1
 71a:	21 f4       	brne	.+8      	; 0x724 <random+0x32>
 71c:	64 e2       	ldi	r22, 0x24	; 36
 71e:	79 ed       	ldi	r23, 0xD9	; 217
 720:	8b e5       	ldi	r24, 0x5B	; 91
 722:	97 e0       	ldi	r25, 0x07	; 7
 724:	2d e1       	ldi	r18, 0x1D	; 29
 726:	33 ef       	ldi	r19, 0xF3	; 243
 728:	41 e0       	ldi	r20, 0x01	; 1
 72a:	50 e0       	ldi	r21, 0x00	; 0
 72c:	37 d0       	rcall	.+110    	; 0x79c <__divmodsi4>
 72e:	49 01       	movw	r8, r18
 730:	5a 01       	movw	r10, r20
 732:	9b 01       	movw	r18, r22
 734:	ac 01       	movw	r20, r24
 736:	a7 ea       	ldi	r26, 0xA7	; 167
 738:	b1 e4       	ldi	r27, 0x41	; 65
 73a:	4c d0       	rcall	.+152    	; 0x7d4 <__muluhisi3>
 73c:	6b 01       	movw	r12, r22
 73e:	7c 01       	movw	r14, r24
 740:	ac ee       	ldi	r26, 0xEC	; 236
 742:	b4 ef       	ldi	r27, 0xF4	; 244
 744:	a5 01       	movw	r20, r10
 746:	94 01       	movw	r18, r8
 748:	51 d0       	rcall	.+162    	; 0x7ec <__mulohisi3>
 74a:	c6 0e       	add	r12, r22
 74c:	d7 1e       	adc	r13, r23
 74e:	e8 1e       	adc	r14, r24
 750:	f9 1e       	adc	r15, r25
 752:	f7 fe       	sbrs	r15, 7
 754:	06 c0       	rjmp	.+12     	; 0x762 <random+0x70>
 756:	81 e0       	ldi	r24, 0x01	; 1
 758:	c8 1a       	sub	r12, r24
 75a:	d1 08       	sbc	r13, r1
 75c:	e1 08       	sbc	r14, r1
 75e:	80 e8       	ldi	r24, 0x80	; 128
 760:	f8 0a       	sbc	r15, r24
 762:	c0 92 00 3f 	sts	0x3F00, r12	; 0x803f00 <__DATA_REGION_ORIGIN__>
 766:	d0 92 01 3f 	sts	0x3F01, r13	; 0x803f01 <__DATA_REGION_ORIGIN__+0x1>
 76a:	e0 92 02 3f 	sts	0x3F02, r14	; 0x803f02 <__DATA_REGION_ORIGIN__+0x2>
 76e:	f0 92 03 3f 	sts	0x3F03, r15	; 0x803f03 <__DATA_REGION_ORIGIN__+0x3>
 772:	c7 01       	movw	r24, r14
 774:	b6 01       	movw	r22, r12
 776:	9f 77       	andi	r25, 0x7F	; 127
 778:	ff 90       	pop	r15
 77a:	ef 90       	pop	r14
 77c:	df 90       	pop	r13
 77e:	cf 90       	pop	r12
 780:	bf 90       	pop	r11
 782:	af 90       	pop	r10
 784:	9f 90       	pop	r9
 786:	8f 90       	pop	r8
 788:	08 95       	ret

0000078a <srandom>:
srandom():
 78a:	60 93 00 3f 	sts	0x3F00, r22	; 0x803f00 <__DATA_REGION_ORIGIN__>
 78e:	70 93 01 3f 	sts	0x3F01, r23	; 0x803f01 <__DATA_REGION_ORIGIN__+0x1>
 792:	80 93 02 3f 	sts	0x3F02, r24	; 0x803f02 <__DATA_REGION_ORIGIN__+0x2>
 796:	90 93 03 3f 	sts	0x3F03, r25	; 0x803f03 <__DATA_REGION_ORIGIN__+0x3>
 79a:	08 95       	ret

0000079c <__divmodsi4>:
__divmodsi4():
/home/admin/Arduino/toolchain-avr-special-master/gcc-build/avr/avrxmega3/short-calls/libgcc/../../../../../gcc/libgcc/config/avr/lib1funcs.S:1686
 79c:	05 2e       	mov	r0, r21
/home/admin/Arduino/toolchain-avr-special-master/gcc-build/avr/avrxmega3/short-calls/libgcc/../../../../../gcc/libgcc/config/avr/lib1funcs.S:1687
 79e:	97 fb       	bst	r25, 7
/home/admin/Arduino/toolchain-avr-special-master/gcc-build/avr/avrxmega3/short-calls/libgcc/../../../../../gcc/libgcc/config/avr/lib1funcs.S:1688
 7a0:	16 f4       	brtc	.+4      	; 0x7a6 <__divmodsi4+0xa>
/home/admin/Arduino/toolchain-avr-special-master/gcc-build/avr/avrxmega3/short-calls/libgcc/../../../../../gcc/libgcc/config/avr/lib1funcs.S:1689
 7a2:	00 94       	com	r0
/home/admin/Arduino/toolchain-avr-special-master/gcc-build/avr/avrxmega3/short-calls/libgcc/../../../../../gcc/libgcc/config/avr/lib1funcs.S:1690
 7a4:	0f d0       	rcall	.+30     	; 0x7c4 <__negsi2>
/home/admin/Arduino/toolchain-avr-special-master/gcc-build/avr/avrxmega3/short-calls/libgcc/../../../../../gcc/libgcc/config/avr/lib1funcs.S:1692
 7a6:	57 fd       	sbrc	r21, 7
/home/admin/Arduino/toolchain-avr-special-master/gcc-build/avr/avrxmega3/short-calls/libgcc/../../../../../gcc/libgcc/config/avr/lib1funcs.S:1693
 7a8:	05 d0       	rcall	.+10     	; 0x7b4 <__divmodsi4_neg2>
/home/admin/Arduino/toolchain-avr-special-master/gcc-build/avr/avrxmega3/short-calls/libgcc/../../../../../gcc/libgcc/config/avr/lib1funcs.S:1694
 7aa:	24 d0       	rcall	.+72     	; 0x7f4 <__udivmodsi4>
/home/admin/Arduino/toolchain-avr-special-master/gcc-build/avr/avrxmega3/short-calls/libgcc/../../../../../gcc/libgcc/config/avr/lib1funcs.S:1695
 7ac:	07 fc       	sbrc	r0, 7
/home/admin/Arduino/toolchain-avr-special-master/gcc-build/avr/avrxmega3/short-calls/libgcc/../../../../../gcc/libgcc/config/avr/lib1funcs.S:1696
 7ae:	02 d0       	rcall	.+4      	; 0x7b4 <__divmodsi4_neg2>
/home/admin/Arduino/toolchain-avr-special-master/gcc-build/avr/avrxmega3/short-calls/libgcc/../../../../../gcc/libgcc/config/avr/lib1funcs.S:1697
 7b0:	46 f4       	brtc	.+16     	; 0x7c2 <__divmodsi4_exit>
/home/admin/Arduino/toolchain-avr-special-master/gcc-build/avr/avrxmega3/short-calls/libgcc/../../../../../gcc/libgcc/config/avr/lib1funcs.S:1698
 7b2:	08 c0       	rjmp	.+16     	; 0x7c4 <__negsi2>

000007b4 <__divmodsi4_neg2>:
/home/admin/Arduino/toolchain-avr-special-master/gcc-build/avr/avrxmega3/short-calls/libgcc/../../../../../gcc/libgcc/config/avr/lib1funcs.S:1701
 7b4:	50 95       	com	r21
/home/admin/Arduino/toolchain-avr-special-master/gcc-build/avr/avrxmega3/short-calls/libgcc/../../../../../gcc/libgcc/config/avr/lib1funcs.S:1702
 7b6:	40 95       	com	r20
/home/admin/Arduino/toolchain-avr-special-master/gcc-build/avr/avrxmega3/short-calls/libgcc/../../../../../gcc/libgcc/config/avr/lib1funcs.S:1703
 7b8:	30 95       	com	r19
/home/admin/Arduino/toolchain-avr-special-master/gcc-build/avr/avrxmega3/short-calls/libgcc/../../../../../gcc/libgcc/config/avr/lib1funcs.S:1704
 7ba:	21 95       	neg	r18
/home/admin/Arduino/toolchain-avr-special-master/gcc-build/avr/avrxmega3/short-calls/libgcc/../../../../../gcc/libgcc/config/avr/lib1funcs.S:1705
 7bc:	3f 4f       	sbci	r19, 0xFF	; 255
/home/admin/Arduino/toolchain-avr-special-master/gcc-build/avr/avrxmega3/short-calls/libgcc/../../../../../gcc/libgcc/config/avr/lib1funcs.S:1706
 7be:	4f 4f       	sbci	r20, 0xFF	; 255
/home/admin/Arduino/toolchain-avr-special-master/gcc-build/avr/avrxmega3/short-calls/libgcc/../../../../../gcc/libgcc/config/avr/lib1funcs.S:1707
 7c0:	5f 4f       	sbci	r21, 0xFF	; 255

000007c2 <__divmodsi4_exit>:
/home/admin/Arduino/toolchain-avr-special-master/gcc-build/avr/avrxmega3/short-calls/libgcc/../../../../../gcc/libgcc/config/avr/lib1funcs.S:1709
 7c2:	08 95       	ret

000007c4 <__negsi2>:
__negsi2():
/home/admin/Arduino/toolchain-avr-special-master/gcc-build/avr/avrxmega3/short-calls/libgcc/../../../../../gcc/libgcc/config/avr/lib1funcs.S:1718
 7c4:	90 95       	com	r25
 7c6:	80 95       	com	r24
 7c8:	70 95       	com	r23
 7ca:	61 95       	neg	r22
 7cc:	7f 4f       	sbci	r23, 0xFF	; 255
 7ce:	8f 4f       	sbci	r24, 0xFF	; 255
 7d0:	9f 4f       	sbci	r25, 0xFF	; 255
/home/admin/Arduino/toolchain-avr-special-master/gcc-build/avr/avrxmega3/short-calls/libgcc/../../../../../gcc/libgcc/config/avr/lib1funcs.S:1719
 7d2:	08 95       	ret

000007d4 <__muluhisi3>:
__muluhisi3():
/home/admin/Arduino/toolchain-avr-special-master/gcc-build/avr/avrxmega3/short-calls/libgcc/../../../../../gcc/libgcc/config/avr/lib1funcs.S:626
 7d4:	31 d0       	rcall	.+98     	; 0x838 <__umulhisi3>
/home/admin/Arduino/toolchain-avr-special-master/gcc-build/avr/avrxmega3/short-calls/libgcc/../../../../../gcc/libgcc/config/avr/lib1funcs.S:627
 7d6:	a5 9f       	mul	r26, r21
/home/admin/Arduino/toolchain-avr-special-master/gcc-build/avr/avrxmega3/short-calls/libgcc/../../../../../gcc/libgcc/config/avr/lib1funcs.S:628
 7d8:	90 0d       	add	r25, r0
/home/admin/Arduino/toolchain-avr-special-master/gcc-build/avr/avrxmega3/short-calls/libgcc/../../../../../gcc/libgcc/config/avr/lib1funcs.S:629
 7da:	b4 9f       	mul	r27, r20
/home/admin/Arduino/toolchain-avr-special-master/gcc-build/avr/avrxmega3/short-calls/libgcc/../../../../../gcc/libgcc/config/avr/lib1funcs.S:630
 7dc:	90 0d       	add	r25, r0
/home/admin/Arduino/toolchain-avr-special-master/gcc-build/avr/avrxmega3/short-calls/libgcc/../../../../../gcc/libgcc/config/avr/lib1funcs.S:631
 7de:	a4 9f       	mul	r26, r20
/home/admin/Arduino/toolchain-avr-special-master/gcc-build/avr/avrxmega3/short-calls/libgcc/../../../../../gcc/libgcc/config/avr/lib1funcs.S:632
 7e0:	80 0d       	add	r24, r0
/home/admin/Arduino/toolchain-avr-special-master/gcc-build/avr/avrxmega3/short-calls/libgcc/../../../../../gcc/libgcc/config/avr/lib1funcs.S:633
 7e2:	91 1d       	adc	r25, r1
/home/admin/Arduino/toolchain-avr-special-master/gcc-build/avr/avrxmega3/short-calls/libgcc/../../../../../gcc/libgcc/config/avr/lib1funcs.S:634
 7e4:	11 24       	eor	r1, r1
/home/admin/Arduino/toolchain-avr-special-master/gcc-build/avr/avrxmega3/short-calls/libgcc/../../../../../gcc/libgcc/config/avr/lib1funcs.S:635
 7e6:	08 95       	ret

000007e8 <__mulshisi3>:
__mulshisi3():
/home/admin/Arduino/toolchain-avr-special-master/gcc-build/avr/avrxmega3/short-calls/libgcc/../../../../../gcc/libgcc/config/avr/lib1funcs.S:603
 7e8:	b7 ff       	sbrs	r27, 7
/home/admin/Arduino/toolchain-avr-special-master/gcc-build/avr/avrxmega3/short-calls/libgcc/../../../../../gcc/libgcc/config/avr/lib1funcs.S:605
 7ea:	f4 cf       	rjmp	.-24     	; 0x7d4 <__muluhisi3>

000007ec <__mulohisi3>:
__mulohisi3():
/home/admin/Arduino/toolchain-avr-special-master/gcc-build/avr/avrxmega3/short-calls/libgcc/../../../../../gcc/libgcc/config/avr/lib1funcs.S:613
 7ec:	f3 df       	rcall	.-26     	; 0x7d4 <__muluhisi3>
/home/admin/Arduino/toolchain-avr-special-master/gcc-build/avr/avrxmega3/short-calls/libgcc/../../../../../gcc/libgcc/config/avr/lib1funcs.S:615
 7ee:	82 1b       	sub	r24, r18
/home/admin/Arduino/toolchain-avr-special-master/gcc-build/avr/avrxmega3/short-calls/libgcc/../../../../../gcc/libgcc/config/avr/lib1funcs.S:616
 7f0:	93 0b       	sbc	r25, r19
/home/admin/Arduino/toolchain-avr-special-master/gcc-build/avr/avrxmega3/short-calls/libgcc/../../../../../gcc/libgcc/config/avr/lib1funcs.S:617
 7f2:	08 95       	ret

000007f4 <__udivmodsi4>:
__udivmodsi4():
/home/admin/Arduino/toolchain-avr-special-master/gcc-build/avr/avrxmega3/short-calls/libgcc/../../../../../gcc/libgcc/config/avr/lib1funcs.S:1638
 7f4:	a1 e2       	ldi	r26, 0x21	; 33
/home/admin/Arduino/toolchain-avr-special-master/gcc-build/avr/avrxmega3/short-calls/libgcc/../../../../../gcc/libgcc/config/avr/lib1funcs.S:1639
 7f6:	1a 2e       	mov	r1, r26
/home/admin/Arduino/toolchain-avr-special-master/gcc-build/avr/avrxmega3/short-calls/libgcc/../../../../../gcc/libgcc/config/avr/lib1funcs.S:1640
 7f8:	aa 1b       	sub	r26, r26
/home/admin/Arduino/toolchain-avr-special-master/gcc-build/avr/avrxmega3/short-calls/libgcc/../../../../../gcc/libgcc/config/avr/lib1funcs.S:1641
 7fa:	bb 1b       	sub	r27, r27
/home/admin/Arduino/toolchain-avr-special-master/gcc-build/avr/avrxmega3/short-calls/libgcc/../../../../../gcc/libgcc/config/avr/lib1funcs.S:1642
 7fc:	fd 01       	movw	r30, r26
/home/admin/Arduino/toolchain-avr-special-master/gcc-build/avr/avrxmega3/short-calls/libgcc/../../../../../gcc/libgcc/config/avr/lib1funcs.S:1644
 7fe:	0d c0       	rjmp	.+26     	; 0x81a <__udivmodsi4_ep>

00000800 <__udivmodsi4_loop>:
/home/admin/Arduino/toolchain-avr-special-master/gcc-build/avr/avrxmega3/short-calls/libgcc/../../../../../gcc/libgcc/config/avr/lib1funcs.S:1646
 800:	aa 1f       	adc	r26, r26
/home/admin/Arduino/toolchain-avr-special-master/gcc-build/avr/avrxmega3/short-calls/libgcc/../../../../../gcc/libgcc/config/avr/lib1funcs.S:1647
 802:	bb 1f       	adc	r27, r27
/home/admin/Arduino/toolchain-avr-special-master/gcc-build/avr/avrxmega3/short-calls/libgcc/../../../../../gcc/libgcc/config/avr/lib1funcs.S:1648
 804:	ee 1f       	adc	r30, r30
/home/admin/Arduino/toolchain-avr-special-master/gcc-build/avr/avrxmega3/short-calls/libgcc/../../../../../gcc/libgcc/config/avr/lib1funcs.S:1649
 806:	ff 1f       	adc	r31, r31
/home/admin/Arduino/toolchain-avr-special-master/gcc-build/avr/avrxmega3/short-calls/libgcc/../../../../../gcc/libgcc/config/avr/lib1funcs.S:1650
 808:	a2 17       	cp	r26, r18
/home/admin/Arduino/toolchain-avr-special-master/gcc-build/avr/avrxmega3/short-calls/libgcc/../../../../../gcc/libgcc/config/avr/lib1funcs.S:1651
 80a:	b3 07       	cpc	r27, r19
/home/admin/Arduino/toolchain-avr-special-master/gcc-build/avr/avrxmega3/short-calls/libgcc/../../../../../gcc/libgcc/config/avr/lib1funcs.S:1652
 80c:	e4 07       	cpc	r30, r20
/home/admin/Arduino/toolchain-avr-special-master/gcc-build/avr/avrxmega3/short-calls/libgcc/../../../../../gcc/libgcc/config/avr/lib1funcs.S:1653
 80e:	f5 07       	cpc	r31, r21
/home/admin/Arduino/toolchain-avr-special-master/gcc-build/avr/avrxmega3/short-calls/libgcc/../../../../../gcc/libgcc/config/avr/lib1funcs.S:1654
 810:	20 f0       	brcs	.+8      	; 0x81a <__udivmodsi4_ep>
/home/admin/Arduino/toolchain-avr-special-master/gcc-build/avr/avrxmega3/short-calls/libgcc/../../../../../gcc/libgcc/config/avr/lib1funcs.S:1655
 812:	a2 1b       	sub	r26, r18
/home/admin/Arduino/toolchain-avr-special-master/gcc-build/avr/avrxmega3/short-calls/libgcc/../../../../../gcc/libgcc/config/avr/lib1funcs.S:1656
 814:	b3 0b       	sbc	r27, r19
/home/admin/Arduino/toolchain-avr-special-master/gcc-build/avr/avrxmega3/short-calls/libgcc/../../../../../gcc/libgcc/config/avr/lib1funcs.S:1657
 816:	e4 0b       	sbc	r30, r20
/home/admin/Arduino/toolchain-avr-special-master/gcc-build/avr/avrxmega3/short-calls/libgcc/../../../../../gcc/libgcc/config/avr/lib1funcs.S:1658
 818:	f5 0b       	sbc	r31, r21

0000081a <__udivmodsi4_ep>:
/home/admin/Arduino/toolchain-avr-special-master/gcc-build/avr/avrxmega3/short-calls/libgcc/../../../../../gcc/libgcc/config/avr/lib1funcs.S:1660
 81a:	66 1f       	adc	r22, r22
/home/admin/Arduino/toolchain-avr-special-master/gcc-build/avr/avrxmega3/short-calls/libgcc/../../../../../gcc/libgcc/config/avr/lib1funcs.S:1661
 81c:	77 1f       	adc	r23, r23
/home/admin/Arduino/toolchain-avr-special-master/gcc-build/avr/avrxmega3/short-calls/libgcc/../../../../../gcc/libgcc/config/avr/lib1funcs.S:1662
 81e:	88 1f       	adc	r24, r24
/home/admin/Arduino/toolchain-avr-special-master/gcc-build/avr/avrxmega3/short-calls/libgcc/../../../../../gcc/libgcc/config/avr/lib1funcs.S:1663
 820:	99 1f       	adc	r25, r25
/home/admin/Arduino/toolchain-avr-special-master/gcc-build/avr/avrxmega3/short-calls/libgcc/../../../../../gcc/libgcc/config/avr/lib1funcs.S:1664
 822:	1a 94       	dec	r1
/home/admin/Arduino/toolchain-avr-special-master/gcc-build/avr/avrxmega3/short-calls/libgcc/../../../../../gcc/libgcc/config/avr/lib1funcs.S:1665
 824:	69 f7       	brne	.-38     	; 0x800 <__udivmodsi4_loop>
/home/admin/Arduino/toolchain-avr-special-master/gcc-build/avr/avrxmega3/short-calls/libgcc/../../../../../gcc/libgcc/config/avr/lib1funcs.S:1667
 826:	60 95       	com	r22
/home/admin/Arduino/toolchain-avr-special-master/gcc-build/avr/avrxmega3/short-calls/libgcc/../../../../../gcc/libgcc/config/avr/lib1funcs.S:1668
 828:	70 95       	com	r23
/home/admin/Arduino/toolchain-avr-special-master/gcc-build/avr/avrxmega3/short-calls/libgcc/../../../../../gcc/libgcc/config/avr/lib1funcs.S:1669
 82a:	80 95       	com	r24
/home/admin/Arduino/toolchain-avr-special-master/gcc-build/avr/avrxmega3/short-calls/libgcc/../../../../../gcc/libgcc/config/avr/lib1funcs.S:1670
 82c:	90 95       	com	r25
/home/admin/Arduino/toolchain-avr-special-master/gcc-build/avr/avrxmega3/short-calls/libgcc/../../../../../gcc/libgcc/config/avr/lib1funcs.S:1672
 82e:	9b 01       	movw	r18, r22
/home/admin/Arduino/toolchain-avr-special-master/gcc-build/avr/avrxmega3/short-calls/libgcc/../../../../../gcc/libgcc/config/avr/lib1funcs.S:1674
 830:	ac 01       	movw	r20, r24
/home/admin/Arduino/toolchain-avr-special-master/gcc-build/avr/avrxmega3/short-calls/libgcc/../../../../../gcc/libgcc/config/avr/lib1funcs.S:1676
 832:	bd 01       	movw	r22, r26
/home/admin/Arduino/toolchain-avr-special-master/gcc-build/avr/avrxmega3/short-calls/libgcc/../../../../../gcc/libgcc/config/avr/lib1funcs.S:1678
 834:	cf 01       	movw	r24, r30
/home/admin/Arduino/toolchain-avr-special-master/gcc-build/avr/avrxmega3/short-calls/libgcc/../../../../../gcc/libgcc/config/avr/lib1funcs.S:1680
 836:	08 95       	ret

00000838 <__umulhisi3>:
__umulhisi3():
/home/admin/Arduino/toolchain-avr-special-master/gcc-build/avr/avrxmega3/short-calls/libgcc/../../../../../gcc/libgcc/config/avr/lib1funcs.S:564
 838:	a2 9f       	mul	r26, r18
/home/admin/Arduino/toolchain-avr-special-master/gcc-build/avr/avrxmega3/short-calls/libgcc/../../../../../gcc/libgcc/config/avr/lib1funcs.S:565
 83a:	b0 01       	movw	r22, r0
/home/admin/Arduino/toolchain-avr-special-master/gcc-build/avr/avrxmega3/short-calls/libgcc/../../../../../gcc/libgcc/config/avr/lib1funcs.S:566
 83c:	b3 9f       	mul	r27, r19
/home/admin/Arduino/toolchain-avr-special-master/gcc-build/avr/avrxmega3/short-calls/libgcc/../../../../../gcc/libgcc/config/avr/lib1funcs.S:567
 83e:	c0 01       	movw	r24, r0
/home/admin/Arduino/toolchain-avr-special-master/gcc-build/avr/avrxmega3/short-calls/libgcc/../../../../../gcc/libgcc/config/avr/lib1funcs.S:568
 840:	a3 9f       	mul	r26, r19
/home/admin/Arduino/toolchain-avr-special-master/gcc-build/avr/avrxmega3/short-calls/libgcc/../../../../../gcc/libgcc/config/avr/lib1funcs.S:578
 842:	01 d0       	rcall	.+2      	; 0x846 <__umulhisi3+0xe>
/home/admin/Arduino/toolchain-avr-special-master/gcc-build/avr/avrxmega3/short-calls/libgcc/../../../../../gcc/libgcc/config/avr/lib1funcs.S:580
 844:	b2 9f       	mul	r27, r18
/home/admin/Arduino/toolchain-avr-special-master/gcc-build/avr/avrxmega3/short-calls/libgcc/../../../../../gcc/libgcc/config/avr/lib1funcs.S:581
 846:	70 0d       	add	r23, r0
/home/admin/Arduino/toolchain-avr-special-master/gcc-build/avr/avrxmega3/short-calls/libgcc/../../../../../gcc/libgcc/config/avr/lib1funcs.S:582
 848:	81 1d       	adc	r24, r1
/home/admin/Arduino/toolchain-avr-special-master/gcc-build/avr/avrxmega3/short-calls/libgcc/../../../../../gcc/libgcc/config/avr/lib1funcs.S:583
 84a:	11 24       	eor	r1, r1
/home/admin/Arduino/toolchain-avr-special-master/gcc-build/avr/avrxmega3/short-calls/libgcc/../../../../../gcc/libgcc/config/avr/lib1funcs.S:584
 84c:	91 1d       	adc	r25, r1
/home/admin/Arduino/toolchain-avr-special-master/gcc-build/avr/avrxmega3/short-calls/libgcc/../../../../../gcc/libgcc/config/avr/lib1funcs.S:585
 84e:	08 95       	ret

00000850 <__mulsi3>:
__mulsi3():
/home/admin/Arduino/toolchain-avr-special-master/gcc-build/avr/avrxmega3/short-calls/libgcc/../../../../../gcc/libgcc/config/avr/lib1funcs.S:648
 850:	db 01       	movw	r26, r22
/home/admin/Arduino/toolchain-avr-special-master/gcc-build/avr/avrxmega3/short-calls/libgcc/../../../../../gcc/libgcc/config/avr/lib1funcs.S:649
 852:	8f 93       	push	r24
/home/admin/Arduino/toolchain-avr-special-master/gcc-build/avr/avrxmega3/short-calls/libgcc/../../../../../gcc/libgcc/config/avr/lib1funcs.S:650
 854:	9f 93       	push	r25
/home/admin/Arduino/toolchain-avr-special-master/gcc-build/avr/avrxmega3/short-calls/libgcc/../../../../../gcc/libgcc/config/avr/lib1funcs.S:651
 856:	be df       	rcall	.-132    	; 0x7d4 <__muluhisi3>
/home/admin/Arduino/toolchain-avr-special-master/gcc-build/avr/avrxmega3/short-calls/libgcc/../../../../../gcc/libgcc/config/avr/lib1funcs.S:652
 858:	bf 91       	pop	r27
/home/admin/Arduino/toolchain-avr-special-master/gcc-build/avr/avrxmega3/short-calls/libgcc/../../../../../gcc/libgcc/config/avr/lib1funcs.S:653
 85a:	af 91       	pop	r26
/home/admin/Arduino/toolchain-avr-special-master/gcc-build/avr/avrxmega3/short-calls/libgcc/../../../../../gcc/libgcc/config/avr/lib1funcs.S:655
 85c:	a2 9f       	mul	r26, r18
/home/admin/Arduino/toolchain-avr-special-master/gcc-build/avr/avrxmega3/short-calls/libgcc/../../../../../gcc/libgcc/config/avr/lib1funcs.S:656
 85e:	80 0d       	add	r24, r0
/home/admin/Arduino/toolchain-avr-special-master/gcc-build/avr/avrxmega3/short-calls/libgcc/../../../../../gcc/libgcc/config/avr/lib1funcs.S:657
 860:	91 1d       	adc	r25, r1
/home/admin/Arduino/toolchain-avr-special-master/gcc-build/avr/avrxmega3/short-calls/libgcc/../../../../../gcc/libgcc/config/avr/lib1funcs.S:658
 862:	a3 9f       	mul	r26, r19
/home/admin/Arduino/toolchain-avr-special-master/gcc-build/avr/avrxmega3/short-calls/libgcc/../../../../../gcc/libgcc/config/avr/lib1funcs.S:659
 864:	90 0d       	add	r25, r0
/home/admin/Arduino/toolchain-avr-special-master/gcc-build/avr/avrxmega3/short-calls/libgcc/../../../../../gcc/libgcc/config/avr/lib1funcs.S:660
 866:	b2 9f       	mul	r27, r18
/home/admin/Arduino/toolchain-avr-special-master/gcc-build/avr/avrxmega3/short-calls/libgcc/../../../../../gcc/libgcc/config/avr/lib1funcs.S:661
 868:	90 0d       	add	r25, r0
/home/admin/Arduino/toolchain-avr-special-master/gcc-build/avr/avrxmega3/short-calls/libgcc/../../../../../gcc/libgcc/config/avr/lib1funcs.S:662
 86a:	11 24       	eor	r1, r1
/home/admin/Arduino/toolchain-avr-special-master/gcc-build/avr/avrxmega3/short-calls/libgcc/../../../../../gcc/libgcc/config/avr/lib1funcs.S:663
 86c:	08 95       	ret

0000086e <_exit>:
exit():
/home/admin/Arduino/toolchain-avr-special-master/gcc-build/avr/avrxmega3/short-calls/libgcc/../../../../../gcc/libgcc/config/avr/lib1funcs.S:2278
 86e:	f8 94       	cli

00000870 <__stop_program>:
__stop_program():
/home/admin/Arduino/toolchain-avr-special-master/gcc-build/avr/avrxmega3/short-calls/libgcc/../../../../../gcc/libgcc/config/avr/lib1funcs.S:2280
 870:	ff cf       	rjmp	.-2      	; 0x870 <__stop_program>
