

Symbols from C:\Users\takas\AppData\Local\arduino\sketches\A9FC0C02C6BC09A5C3C0792C0DF7682D/LEDTest.ino.elf:

Name                  Value   Class        Type         Size     Line  Section

__heap_end          |00000000|   W  |            NOTYPE|        |     |*ABS*
__TEXT_REGION_ORIGIN__|00000000|   W  |            NOTYPE|        |     |*ABS*
__tmp_reg__         |00000000|   a  |            NOTYPE|        |     |*ABS*
__vector_default    |00000000|   W  |            NOTYPE|        |     |.text	../../../../../crt1/gcrt1.S:63
__vectors           |00000000|   T  |            NOTYPE|        |     |.text	../../../../../crt1/gcrt1.S:63
__zero_reg__        |00000001|   a  |            NOTYPE|        |     |*ABS*
__FUSE_REGION_LENGTH__|0000000a|   A  |            NOTYPE|        |     |*ABS*
__CCP__             |00000034|   a  |            NOTYPE|        |     |*ABS*
__ctors_end         |00000034|   T  |            NOTYPE|        |     |.text	../../../../../crt1/gcrt1.S:230
__ctors_start       |00000034|   T  |            NOTYPE|        |     |.text	../../../../../crt1/gcrt1.S:230
__dtors_end         |00000034|   T  |            NOTYPE|        |     |.text	../../../../../crt1/gcrt1.S:230
__dtors_start       |00000034|   T  |            NOTYPE|        |     |.text	../../../../../crt1/gcrt1.S:230
__init              |00000034|   W  |            NOTYPE|        |     |.text	../../../../../crt1/gcrt1.S:230
__trampolines_end   |00000034|   T  |            NOTYPE|        |     |.text	../../../../../crt1/gcrt1.S:230
__trampolines_start |00000034|   T  |            NOTYPE|        |     |.text	../../../../../crt1/gcrt1.S:230
__SP_L__            |0000003d|   a  |            NOTYPE|        |     |*ABS*
__SP_H__            |0000003e|   a  |            NOTYPE|        |     |*ABS*
__SREG__            |0000003f|   a  |            NOTYPE|        |     |*ABS*
_initThreeStuff()   |00000040|   T  |              FUNC|00000018|     |.text	C:\Users\takas\AppData\Local\Arduino15\packages\megaTinyCore\hardware\megaavr\2.6.11\cores\megatinycore/main.cpp:149
__do_clear_bss      |00000058|   T  |            NOTYPE|00000010|     |.text	/home/admin/Arduino/toolchain-avr-special-master/gcc-build/avr/avrxmega3/short-calls/libgcc/../../../../../gcc/libgcc/config/avr/lib1funcs.S:2441
.do_clear_bss_loop  |00000060|   t  |            NOTYPE|        |     |.text	/home/admin/Arduino/toolchain-avr-special-master/gcc-build/avr/avrxmega3/short-calls/libgcc/../../../../../gcc/libgcc/config/avr/lib1funcs.S:2446
.do_clear_bss_start |00000062|   t  |            NOTYPE|        |     |.text	/home/admin/Arduino/toolchain-avr-special-master/gcc-build/avr/avrxmega3/short-calls/libgcc/../../../../../gcc/libgcc/config/avr/lib1funcs.S:2448
__bad_interrupt     |0000006c|   T  |            NOTYPE|        |     |.text	../../../../../crt1/gcrt1.S:209
__vector_1          |0000006c|   W  |            NOTYPE|        |     |.text	../../../../../crt1/gcrt1.S:209
__vector_10         |0000006c|   W  |            NOTYPE|        |     |.text	../../../../../crt1/gcrt1.S:209
__vector_11         |0000006c|   W  |            NOTYPE|        |     |.text	../../../../../crt1/gcrt1.S:209
__vector_12         |0000006c|   W  |            NOTYPE|        |     |.text	../../../../../crt1/gcrt1.S:209
__vector_13         |0000006c|   W  |            NOTYPE|        |     |.text	../../../../../crt1/gcrt1.S:209
__vector_15         |0000006c|   W  |            NOTYPE|        |     |.text	../../../../../crt1/gcrt1.S:209
__vector_16         |0000006c|   W  |            NOTYPE|        |     |.text	../../../../../crt1/gcrt1.S:209
__vector_17         |0000006c|   W  |            NOTYPE|        |     |.text	../../../../../crt1/gcrt1.S:209
__vector_18         |0000006c|   W  |            NOTYPE|        |     |.text	../../../../../crt1/gcrt1.S:209
__vector_19         |0000006c|   W  |            NOTYPE|        |     |.text	../../../../../crt1/gcrt1.S:209
__vector_2          |0000006c|   W  |            NOTYPE|        |     |.text	../../../../../crt1/gcrt1.S:209
__vector_20         |0000006c|   W  |            NOTYPE|        |     |.text	../../../../../crt1/gcrt1.S:209
__vector_21         |0000006c|   W  |            NOTYPE|        |     |.text	../../../../../crt1/gcrt1.S:209
__vector_22         |0000006c|   W  |            NOTYPE|        |     |.text	../../../../../crt1/gcrt1.S:209
__vector_23         |0000006c|   W  |            NOTYPE|        |     |.text	../../../../../crt1/gcrt1.S:209
__vector_24         |0000006c|   W  |            NOTYPE|        |     |.text	../../../../../crt1/gcrt1.S:209
__vector_25         |0000006c|   W  |            NOTYPE|        |     |.text	../../../../../crt1/gcrt1.S:209
__vector_3          |0000006c|   W  |            NOTYPE|        |     |.text	../../../../../crt1/gcrt1.S:209
__vector_4          |0000006c|   W  |            NOTYPE|        |     |.text	../../../../../crt1/gcrt1.S:209
__vector_5          |0000006c|   W  |            NOTYPE|        |     |.text	../../../../../crt1/gcrt1.S:209
__vector_6          |0000006c|   W  |            NOTYPE|        |     |.text	../../../../../crt1/gcrt1.S:209
__vector_7          |0000006c|   W  |            NOTYPE|        |     |.text	../../../../../crt1/gcrt1.S:209
__vector_8          |0000006c|   W  |            NOTYPE|        |     |.text	../../../../../crt1/gcrt1.S:209
__vector_9          |0000006c|   W  |            NOTYPE|        |     |.text	../../../../../crt1/gcrt1.S:209
delay.part.0.constprop.1|0000006e|   t  |              FUNC|00000040|     |.text	C:\Users\takas\AppData\Local\Arduino15\packages\megaTinyCore\hardware\megaavr\2.6.11\cores\megatinycore/wiring.c:167
__EEPROM_REGION_LENGTH__|00000080|   A  |            NOTYPE|        |     |*ABS*
digitalWrite        |000000ae|   t  |              FUNC|000000a4|     |.text	C:\Users\takas\AppData\Local\Arduino15\packages\megaTinyCore\hardware\megaavr\2.6.11\cores\megatinycore/wiring_digital.c:241
__DATA_REGION_LENGTH__|00000100|   A  |            NOTYPE|        |     |*ABS*
__vector_14         |00000152|   T  |              FUNC|0000005e|     |.text	C:\Users\takas\AppData\Local\Arduino15\packages\megaTinyCore\hardware\megaavr\2.6.11\cores\megatinycore/wiring_micros_ISR.h:835
ovf_end             |0000016e|   t  |            NOTYPE|        |     |.text	C:\Users\takas\AppData\Local\Arduino15\packages\megaTinyCore\hardware\megaavr\2.6.11\cores\megatinycore/wiring_micros_ISR.h:950
sub4                |00000188|   t  |            NOTYPE|        |     |.text	C:\Users\takas\AppData\Local\Arduino15\packages\megaTinyCore\hardware\megaavr\2.6.11\cores\megatinycore/wiring_micros_ISR.h:950
sub_end             |000001a2|   t  |            NOTYPE|        |     |.text	C:\Users\takas\AppData\Local\Arduino15\packages\megaTinyCore\hardware\megaavr\2.6.11\cores\megatinycore/wiring_micros_ISR.h:950
main                |000001b0|   T  |              FUNC|0000008e|     |.text	C:\Users\takas\AppData\Local\Arduino15\packages\megaTinyCore\hardware\megaavr\2.6.11\cores\megatinycore/main.cpp:49
_exit               |0000023e|   T  |            NOTYPE|        |     |.text	/home/admin/Arduino/toolchain-avr-special-master/gcc-build/avr/avrxmega3/short-calls/libgcc/../../../../../gcc/libgcc/config/avr/lib1funcs.S:2278
exit                |0000023e|   W  |            NOTYPE|        |     |.text	/home/admin/Arduino/toolchain-avr-special-master/gcc-build/avr/avrxmega3/short-calls/libgcc/../../../../../gcc/libgcc/config/avr/lib1funcs.S:2278
__stop_program      |00000240|   t  |            NOTYPE|        |     |.text	/home/admin/Arduino/toolchain-avr-special-master/gcc-build/avr/avrxmega3/short-calls/libgcc/../../../../../gcc/libgcc/config/avr/lib1funcs.S:2280
_etext              |00000242|   T  |            NOTYPE|        |     |.text
__data_load_end     |0000025a|   A  |            NOTYPE|        |     |*ABS*
__data_load_start   |0000025a|   a  |            NOTYPE|        |     |*ABS*
__LOCK_REGION_LENGTH__|00000400|   A  |            NOTYPE|        |     |*ABS*
__SIGNATURE_REGION_LENGTH__|00000400|   A  |            NOTYPE|        |     |*ABS*
__USER_SIGNATURE_REGION_LENGTH__|00000400|   A  |            NOTYPE|        |     |*ABS*
__TEXT_REGION_LENGTH__|00001000|   A  |            NOTYPE|        |     |*ABS*
__stack             |00003fff|   W  |            NOTYPE|        |     |*ABS*
__RODATA_PM_OFFSET__|00008000|   A  |            NOTYPE|        |     |*ABS*
digital_pin_to_timer|00008242|   r  |            OBJECT|00000006|     |.rodata	C:\Users\takas\AppData\Local\Arduino15\packages\megaTinyCore\hardware\megaavr\2.6.11\variants\txy2/pins_arduino.h:189
digital_pin_to_bit_position|00008248|   r  |            OBJECT|00000006|     |.rodata	C:\Users\takas\AppData\Local\Arduino15\packages\megaTinyCore\hardware\megaavr\2.6.11\variants\txy2/pins_arduino.h:170
digital_pin_to_port |0000824e|   r  |            OBJECT|00000006|     |.rodata	C:\Users\takas\AppData\Local\Arduino15\packages\megaTinyCore\hardware\megaavr\2.6.11\variants\txy2/pins_arduino.h:160
digital_pin_to_bit_mask|00008254|   r  |            OBJECT|00000006|     |.rodata	C:\Users\takas\AppData\Local\Arduino15\packages\megaTinyCore\hardware\megaavr\2.6.11\variants\txy2/pins_arduino.h:180
__bss_start         |00803f00|   B  |            NOTYPE|        |     |.bss
__DATA_REGION_ORIGIN__|00803f00|   A  |            NOTYPE|        |     |*ABS*
_edata              |00803f00|   D  |            NOTYPE|        |     |.data
timingStruct        |00803f00|   b  |            OBJECT|0000000a|     |.bss	C:\Users\takas\AppData\Local\Arduino15\packages\megaTinyCore\hardware\megaavr\2.6.11\cores\megatinycore/wiring.c:67
__bss_end           |00803f0a|   B  |            NOTYPE|        |     |.bss
_end                |00803f0a|   N  |            NOTYPE|        |     |.comment
__eeprom_end        |00810000|   N  |            NOTYPE|        |     |.comment
